Component: ARM Compiler 6.16 Tool: armlink [5dfeaa00]

==============================================================================

Section Cross References

    startup_gd32e23x.o(RESET) refers to startup_gd32e23x.o(STACK) for __initial_sp
    startup_gd32e23x.o(RESET) refers to startup_gd32e23x.o(.text) for Reset_Handler
    startup_gd32e23x.o(RESET) refers to gd32e23x_it.o(.text.NMI_Handler) for NMI_Handler
    startup_gd32e23x.o(RESET) refers to gd32e23x_it.o(.text.HardFault_Handler) for HardFault_Handler
    startup_gd32e23x.o(RESET) refers to gd32e23x_it.o(.text.SVC_Handler) for SVC_Handler
    startup_gd32e23x.o(RESET) refers to gd32e23x_it.o(.text.PendSV_Handler) for PendSV_Handler
    startup_gd32e23x.o(RESET) refers to gd32e23x_it.o(.text.SysTick_Handler) for SysTick_Handler
    startup_gd32e23x.o(RESET) refers to gd32e23x_it.o(.text.EXTI0_1_IRQHandler) for EXTI0_1_IRQHandler
    startup_gd32e23x.o(RESET) refers to encode.o(.text.EXTI2_3_IRQHandler) for EXTI2_3_IRQHandler
    startup_gd32e23x.o(RESET) refers to count_down.o(.text.TIMER2_IRQHandler) for TIMER2_IRQHandler
    startup_gd32e23x.o(RESET) refers to heater.o(.text.TIMER13_IRQHandler) for TIMER13_IRQHandler
    startup_gd32e23x.o(RESET) refers to uart_debug.o(.text.USART0_IRQHandler) for USART0_IRQHandler
    startup_gd32e23x.o(.text) refers to system_gd32e23x.o(.text.SystemInit) for SystemInit
    startup_gd32e23x.o(.text) refers to entry.o(.ARM.Collect$$$$00000000) for __main
    gd32e230f_start.o(.text.gd_eval_led_init) refers to gd32e23x_rcu.o(.text.rcu_periph_clock_enable) for rcu_periph_clock_enable
    gd32e230f_start.o(.text.gd_eval_led_init) refers to gd32e23x_gpio.o(.text.gpio_mode_set) for gpio_mode_set
    gd32e230f_start.o(.text.gd_eval_led_init) refers to gd32e23x_gpio.o(.text.gpio_output_options_set) for gpio_output_options_set
    gd32e230f_start.o(.text.gd_eval_led_init) refers to gd32e230f_start.o(.rodata.GPIO_CLK) for [Anonymous Symbol]
    gd32e230f_start.o(.text.gd_eval_led_init) refers to gd32e230f_start.o(.rodata.GPIO_PORT) for [Anonymous Symbol]
    gd32e230f_start.o(.text.gd_eval_led_init) refers to gd32e230f_start.o(.rodata.GPIO_PIN) for [Anonymous Symbol]
    gd32e230f_start.o(.ARM.exidx.text.gd_eval_led_init) refers to gd32e230f_start.o(.text.gd_eval_led_init) for [Anonymous Symbol]
    gd32e230f_start.o(.text.gd_eval_led_on) refers to gd32e230f_start.o(.rodata.GPIO_PIN) for [Anonymous Symbol]
    gd32e230f_start.o(.text.gd_eval_led_on) refers to gd32e230f_start.o(.rodata.GPIO_PORT) for [Anonymous Symbol]
    gd32e230f_start.o(.ARM.exidx.text.gd_eval_led_on) refers to gd32e230f_start.o(.text.gd_eval_led_on) for [Anonymous Symbol]
    gd32e230f_start.o(.text.gd_eval_led_off) refers to gd32e230f_start.o(.rodata.GPIO_PIN) for [Anonymous Symbol]
    gd32e230f_start.o(.text.gd_eval_led_off) refers to gd32e230f_start.o(.rodata.GPIO_PORT) for [Anonymous Symbol]
    gd32e230f_start.o(.ARM.exidx.text.gd_eval_led_off) refers to gd32e230f_start.o(.text.gd_eval_led_off) for [Anonymous Symbol]
    gd32e230f_start.o(.text.gd_eval_led_toggle) refers to gd32e230f_start.o(.rodata.GPIO_PIN) for [Anonymous Symbol]
    gd32e230f_start.o(.text.gd_eval_led_toggle) refers to gd32e230f_start.o(.rodata.GPIO_PORT) for [Anonymous Symbol]
    gd32e230f_start.o(.ARM.exidx.text.gd_eval_led_toggle) refers to gd32e230f_start.o(.text.gd_eval_led_toggle) for [Anonymous Symbol]
    gd32e230f_start.o(.text.gd_eval_key_init) refers to gd32e23x_rcu.o(.text.rcu_periph_clock_enable) for rcu_periph_clock_enable
    gd32e230f_start.o(.text.gd_eval_key_init) refers to gd32e23x_gpio.o(.text.gpio_mode_set) for gpio_mode_set
    gd32e230f_start.o(.text.gd_eval_key_init) refers to gd32e23x_misc.o(.text.nvic_irq_enable) for nvic_irq_enable
    gd32e230f_start.o(.text.gd_eval_key_init) refers to gd32e23x_syscfg.o(.text.syscfg_exti_line_config) for syscfg_exti_line_config
    gd32e230f_start.o(.text.gd_eval_key_init) refers to gd32e23x_exti.o(.text.exti_init) for exti_init
    gd32e230f_start.o(.text.gd_eval_key_init) refers to gd32e23x_exti.o(.text.exti_interrupt_flag_clear) for exti_interrupt_flag_clear
    gd32e230f_start.o(.text.gd_eval_key_init) refers to gd32e230f_start.o(.rodata.KEY_CLK) for [Anonymous Symbol]
    gd32e230f_start.o(.text.gd_eval_key_init) refers to gd32e230f_start.o(.rodata.KEY_PORT) for [Anonymous Symbol]
    gd32e230f_start.o(.text.gd_eval_key_init) refers to gd32e230f_start.o(.rodata.KEY_PIN) for [Anonymous Symbol]
    gd32e230f_start.o(.text.gd_eval_key_init) refers to gd32e230f_start.o(.rodata.KEY_IRQn) for [Anonymous Symbol]
    gd32e230f_start.o(.text.gd_eval_key_init) refers to gd32e230f_start.o(.rodata.KEY_PORT_SOURCE) for [Anonymous Symbol]
    gd32e230f_start.o(.text.gd_eval_key_init) refers to gd32e230f_start.o(.rodata.KEY_PIN_SOURCE) for [Anonymous Symbol]
    gd32e230f_start.o(.text.gd_eval_key_init) refers to gd32e230f_start.o(.rodata.KEY_EXTI_LINE) for [Anonymous Symbol]
[...]
    Removing gd32e23x_usart.o(.text.usart_depolarity_config), (44 bytes).
    Removing gd32e23x_usart.o(.ARM.exidx.text.usart_depolarity_config), (8 bytes).
    Removing gd32e23x_usart.o(.text.usart_dma_receive_config), (30 bytes).
    Removing gd32e23x_usart.o(.ARM.exidx.text.usart_dma_receive_config), (8 bytes).
    Removing gd32e23x_usart.o(.text.usart_dma_transmit_config), (30 bytes).
    Removing gd32e23x_usart.o(.ARM.exidx.text.usart_dma_transmit_config), (8 bytes).
    Removing gd32e23x_usart.o(.text.usart_reception_error_dma_disable), (30 bytes).
    Removing gd32e23x_usart.o(.ARM.exidx.text.usart_reception_error_dma_disable), (8 bytes).
    Removing gd32e23x_usart.o(.text.usart_reception_error_dma_enable), (30 bytes).
    Removing gd32e23x_usart.o(.ARM.exidx.text.usart_reception_error_dma_enable), (8 bytes).
    Removing gd32e23x_usart.o(.text.usart_wakeup_enable), (18 bytes).
    Removing gd32e23x_usart.o(.ARM.exidx.text.usart_wakeup_enable), (8 bytes).
    Removing gd32e23x_usart.o(.text.usart_wakeup_disable), (18 bytes).
    Removing gd32e23x_usart.o(.ARM.exidx.text.usart_wakeup_disable), (8 bytes).
    Removing gd32e23x_usart.o(.text.usart_wakeup_mode_config), (44 bytes).
    Removing gd32e23x_usart.o(.ARM.exidx.text.usart_wakeup_mode_config), (8 bytes).
    Removing gd32e23x_usart.o(.text.usart_receive_fifo_enable), (22 bytes).
    Removing gd32e23x_usart.o(.ARM.exidx.text.usart_receive_fifo_enable), (8 bytes).
    Removing gd32e23x_usart.o(.text.usart_receive_fifo_disable), (22 bytes).
    Removing gd32e23x_usart.o(.ARM.exidx.text.usart_receive_fifo_disable), (8 bytes).
    Removing gd32e23x_usart.o(.text.usart_receive_fifo_counter_number), (22 bytes).
    Removing gd32e23x_usart.o(.ARM.exidx.text.usart_receive_fifo_counter_number), (8 bytes).
    Removing gd32e23x_usart.o(.text.usart_flag_get), (60 bytes).
    Removing gd32e23x_usart.o(.ARM.exidx.text.usart_flag_get), (8 bytes).
    Removing gd32e23x_usart.o(.text.usart_flag_clear), (30 bytes).
    Removing gd32e23x_usart.o(.ARM.exidx.text.usart_flag_clear), (8 bytes).
    Removing gd32e23x_usart.o(.text.usart_interrupt_enable), (34 bytes).
    Removing gd32e23x_usart.o(.ARM.exidx.text.usart_interrupt_enable), (8 bytes).
    Removing gd32e23x_usart.o(.ARM.exidx.text.usart_interrupt_disable), (8 bytes).
    Removing gd32e23x_usart.o(.text.usart_command_enable), (20 bytes).
    Removing gd32e23x_usart.o(.ARM.exidx.text.usart_command_enable), (8 bytes).
    Removing gd32e23x_usart.o(.ARM.exidx.text.usart_interrupt_flag_get), (8 bytes).
    Removing gd32e23x_usart.o(.text.usart_interrupt_flag_clear), (64 bytes).
    Removing gd32e23x_usart.o(.ARM.exidx.text.usart_interrupt_flag_clear), (8 bytes).
    Removing gd32e23x_wwdgt.o(.text), (0 bytes).
    Removing gd32e23x_wwdgt.o(.text.wwdgt_deinit), (28 bytes).
    Removing gd32e23x_wwdgt.o(.ARM.exidx.text.wwdgt_deinit), (8 bytes).
    Removing gd32e23x_wwdgt.o(.text.wwdgt_enable), (16 bytes).
    Removing gd32e23x_wwdgt.o(.ARM.exidx.text.wwdgt_enable), (8 bytes).
    Removing gd32e23x_wwdgt.o(.text.wwdgt_counter_update), (28 bytes).
    Removing gd32e23x_wwdgt.o(.ARM.exidx.text.wwdgt_counter_update), (8 bytes).
    Removing gd32e23x_wwdgt.o(.text.wwdgt_config), (52 bytes).
    Removing gd32e23x_wwdgt.o(.ARM.exidx.text.wwdgt_config), (8 bytes).
    Removing gd32e23x_wwdgt.o(.text.wwdgt_flag_get), (40 bytes).
    Removing gd32e23x_wwdgt.o(.ARM.exidx.text.wwdgt_flag_get), (8 bytes).
    Removing gd32e23x_wwdgt.o(.text.wwdgt_flag_clear), (16 bytes).
    Removing gd32e23x_wwdgt.o(.ARM.exidx.text.wwdgt_flag_clear), (8 bytes).
    Removing gd32e23x_wwdgt.o(.text.wwdgt_interrupt_enable), (20 bytes).
    Removing gd32e23x_wwdgt.o(.ARM.exidx.text.wwdgt_interrupt_enable), (8 bytes).
    Removing main.o(.text), (0 bytes).
    Removing main.o(.ARM.exidx.text.main), (8 bytes).
    Removing main.o(.ARM.exidx.text.gpio_config), (8 bytes).
    Removing main.o(.ARM.use_no_argv), (4 bytes).
    Removing gd32e23x_it.o(.text), (0 bytes).
    Removing gd32e23x_it.o(.ARM.exidx.text.NMI_Handler), (8 bytes).
    Removing gd32e23x_it.o(.ARM.exidx.text.HardFault_Handler), (8 bytes).
    Removing gd32e23x_it.o(.text.MemManage_Handler), (4 bytes).
    Removing gd32e23x_it.o(.ARM.exidx.text.MemManage_Handler), (8 bytes).
    Removing gd32e23x_it.o(.text.BusFault_Handler), (4 bytes).
    Removing gd32e23x_it.o(.ARM.exidx.text.BusFault_Handler), (8 bytes).
    Removing gd32e23x_it.o(.text.UsageFault_Handler), (4 bytes).
    Removing gd32e23x_it.o(.ARM.exidx.text.UsageFault_Handler), (8 bytes).
    Removing gd32e23x_it.o(.ARM.exidx.text.SVC_Handler), (8 bytes).
    Removing gd32e23x_it.o(.text.DebugMon_Handler), (2 bytes).
    Removing gd32e23x_it.o(.ARM.exidx.text.DebugMon_Handler), (8 bytes).
    Removing gd32e23x_it.o(.ARM.exidx.text.PendSV_Handler), (8 bytes).
    Removing gd32e23x_it.o(.ARM.exidx.text.SysTick_Handler), (8 bytes).
    Removing gd32e23x_it.o(.ARM.exidx.text.EXTI0_1_IRQHandler), (8 bytes).
    Removing systick.o(.text), (0 bytes).
    Removing systick.o(.ARM.exidx.text.systick_config), (8 bytes).
    Removing systick.o(.ARM.exidx.text.SysTick_Config), (8 bytes).
    Removing systick.o(.ARM.exidx.text.__NVIC_SetPriority), (8 bytes).
    Removing systick.o(.ARM.exidx.text.delay_1ms), (8 bytes).
    Removing systick.o(.ARM.exidx.text.delay_10us), (8 bytes).
    Removing systick.o(.ARM.exidx.text.delay_decrement), (8 bytes).
    Removing count_down.o(.text), (0 bytes).
    Removing count_down.o(.ARM.exidx.text.Time2_Init), (8 bytes).
    Removing count_down.o(.ARM.exidx.text.Time_NumShow), (8 bytes).
    Removing count_down.o(.ARM.exidx.text.TIMER2_IRQHandler), (8 bytes).
    Removing count_down.o(.bss.temp_switch), (2 bytes).
    Removing encode.o(.text), (0 bytes).
    Removing encode.o(.ARM.exidx.text.encode_pin_config), (8 bytes).
    Removing encode.o(.ARM.exidx.text.Menu_Selection), (8 bytes).
    Removing encode.o(.ARM.exidx.text.ENCODE_LOOP), (8 bytes).
    Removing encode.o(.ARM.exidx.text.EXTI2_3_IRQHandler), (8 bytes).
    Removing encode.o(.rodata.str1.1), (35 bytes).
    Removing encode.o(.data.print_msg), (12 bytes).
    Removing heater.o(.text), (0 bytes).
    Removing heater.o(.ARM.exidx.text.Timer13_Init), (8 bytes).
    Removing heater.o(.ARM.exidx.text.pid_init), (8 bytes).
    Removing heater.o(.ARM.exidx.text.pid_realise), (8 bytes).
    Removing heater.o(.ARM.exidx.text.TIMER13_IRQHandler), (8 bytes).
    Removing heater.o(.bss.TIMER13_IRQHandler.sec_cnt), (1 bytes).
    Removing show_lcd.o(.text), (0 bytes).
    Removing show_lcd.o(.ARM.exidx.text.lcd_pin_config), (8 bytes).
    Removing show_lcd.o(.ARM.exidx.text.Write_Data_H), (8 bytes).
    Removing show_lcd.o(.ARM.exidx.text.Write_Data_L), (8 bytes).
    Removing show_lcd.o(.ARM.exidx.text.WriteCmd), (8 bytes).
    Removing show_lcd.o(.ARM.exidx.text.WriteOneData), (8 bytes).
    Removing show_lcd.o(.ARM.exidx.text.WriteAllData), (8 bytes).
    Removing show_lcd.o(.ARM.exidx.text.TM1621_init), (8 bytes).
    Removing temperature.o(.text), (0 bytes).
    Removing temperature.o(.ARM.exidx.text.adc_pin_config), (8 bytes).
    Removing temperature.o(.ARM.exidx.text.adc_config), (8 bytes).
    Removing temperature.o(.ARM.exidx.text.ADC_DMAConfig), (8 bytes).
    Removing temperature.o(.ARM.exidx.text.Read_temperature), (8 bytes).
    Removing temperature.o(.ARM.exidx.text.ADC_TO_TEMP), (8 bytes).
    Removing temperature.o(.ARM.exidx.text.Read_humidity), (8 bytes).
    Removing temperature.o(.ARM.exidx.text.Hmd_calculate), (8 bytes).
    Removing temperature.o(.ARM.exidx.text.Temp_Hum_To_LCD), (8 bytes).
    Removing uart_debug.o(.text), (0 bytes).
    Removing uart_debug.o(.text._helpf), (24 bytes).
    Removing uart_debug.o(.ARM.exidx.text._helpf), (8 bytes).
    Removing uart_debug.o(.text._tempf), (48 bytes).
    Removing uart_debug.o(.ARM.exidx.text._tempf), (8 bytes).
    Removing uart_debug.o(.text._ctf), (40 bytes).
    Removing uart_debug.o(.ARM.exidx.text._ctf), (8 bytes).
    Removing uart_debug.o(.text._hmdf), (44 bytes).
    Removing uart_debug.o(.ARM.exidx.text._hmdf), (8 bytes).
    Removing uart_debug.o(.text.fputc), (48 bytes).
    Removing uart_debug.o(.ARM.exidx.text.fputc), (8 bytes).
    Removing uart_debug.o(.ARM.exidx.text.com_gpio_init), (8 bytes).
    Removing uart_debug.o(.text.Usart_Init), (104 bytes).
    Removing uart_debug.o(.ARM.exidx.text.Usart_Init), (8 bytes).
    Removing uart_debug.o(.text.me_strcmp), (118 bytes).
    Removing uart_debug.o(.ARM.exidx.text.me_strcmp), (8 bytes).
    Removing uart_debug.o(.text.UART_TEST_HANDLE), (148 bytes).
    Removing uart_debug.o(.ARM.exidx.text.UART_TEST_HANDLE), (8 bytes).
    Removing uart_debug.o(.ARM.exidx.text.USART0_IRQHandler), (8 bytes).
    Removing uart_debug.o(.text.Get_Num), (68 bytes).
    Removing uart_debug.o(.ARM.exidx.text.Get_Num), (8 bytes).
    Removing uart_debug.o(.text._set_timef), (28 bytes).
    Removing uart_debug.o(.ARM.exidx.text._set_timef), (8 bytes).
    Removing uart_debug.o(.text._fanonf), (40 bytes).
    Removing uart_debug.o(.ARM.exidx.text._fanonf), (8 bytes).
    Removing uart_debug.o(.text._fanofff), (36 bytes).
    Removing uart_debug.o(.ARM.exidx.text._fanofff), (8 bytes).
    Removing uart_debug.o(.text._heatonf), (36 bytes).
    Removing uart_debug.o(.ARM.exidx.text._heatonf), (8 bytes).
    Removing uart_debug.o(.text._heatofff), (36 bytes).
    Removing uart_debug.o(.ARM.exidx.text._heatofff), (8 bytes).
    Removing uart_debug.o(.text._sftf), (20 bytes).
    Removing uart_debug.o(.ARM.exidx.text._sftf), (8 bytes).
    Removing uart_debug.o(.text._sfatf), (20 bytes).
    Removing uart_debug.o(.ARM.exidx.text._sfatf), (8 bytes).
    Removing uart_debug.o(.data.receivesize), (1 bytes).
    Removing uart_debug.o(.rodata.str1.1), (149 bytes).
    Removing uart_debug.o(.data.CMD_T), (48 bytes).
    Removing uart_debug.o(.data.cmd_num), (1 bytes).
    Removing uart_debug.o(.bss.str_to_num), (4 bytes).
    Removing dadd.o(.text), (356 bytes).
    Removing ddiv.o(.text), (240 bytes).
    Removing dfixul.o(.text), (64 bytes).
    Removing cdrcmple.o(.text), (40 bytes).

1087 unused section(s) (total 33496 bytes) removed from the image.

==============================================================================

Image Symbol Table

    Local Symbols

    Symbol Name                              Value     Ov Type        Size  Object(Section)

    ../../GD32E23x_Firmware_Library/CMSIS/GD/GD32E23x/Source/ARM/startup_gd32e23x.s 0x00000000   Number         0  startup_gd32e23x.o ABSOLUTE
    ../clib/division.s                       0x00000000   Number         0  aeabi_sdiv.o ABSOLUTE
    ../clib/division.s                       0x00000000   Number         0  aeabi_sdiv_div0.o ABSOLUTE
    ../clib/microlib/ctype/ctype.c           0x00000000   Number         0  ctype_o.o ABSOLUTE
    ../clib/microlib/ctype/ctype.c           0x00000000   Number         0  isalnum_o.o ABSOLUTE
    ../clib/microlib/ctype/ctype.c           0x00000000   Number         0  isalpha_o.o ABSOLUTE
    ../clib/microlib/ctype/ctype.c           0x00000000   Number         0  isblank_o.o ABSOLUTE
    ../clib/microlib/ctype/ctype.c           0x00000000   Number         0  iscntrl_o.o ABSOLUTE
    ../clib/microlib/ctype/ctype.c           0x00000000   Number         0  isdigit_o.o ABSOLUTE
    ../clib/microlib/ctype/ctype.c           0x00000000   Number         0  isgraph_o.o ABSOLUTE
    ../clib/microlib/ctype/ctype.c           0x00000000   Number         0  islower_o.o ABSOLUTE
    ../clib/microlib/ctype/ctype.c           0x00000000   Number         0  isprint_o.o ABSOLUTE
    ../clib/microlib/ctype/ctype.c           0x00000000   Number         0  ispunct_o.o ABSOLUTE
    ../clib/microlib/ctype/ctype.c           0x00000000   Number         0  isspace_o.o ABSOLUTE
    ../clib/microlib/ctype/ctype.c           0x00000000   Number         0  isupper_o.o ABSOLUTE
    ../clib/microlib/ctype/ctype.c           0x00000000   Number         0  isxdigit_o.o ABSOLUTE
    ../clib/microlib/division.c              0x00000000   Number         0  uidiv.o ABSOLUTE
    ../clib/microlib/division.c              0x00000000   Number         0  uldiv.o ABSOLUTE
    ../clib/microlib/division.c              0x00000000   Number         0  uidiv_div0.o ABSOLUTE
    ../clib/microlib/division.c              0x00000000   Number         0  idiv_div0.o ABSOLUTE
    ../clib/microlib/division.c              0x00000000   Number         0  idiv0.o ABSOLUTE
    ../clib/microlib/errno.c                 0x00000000   Number         0  errno.o ABSOLUTE
    ../clib/microlib/init/entry.s            0x00000000   Number         0  entry.o ABSOLUTE
    ../clib/microlib/init/entry.s            0x00000000   Number         0  entry2.o ABSOLUTE
    ../clib/microlib/init/entry.s            0x00000000   Number         0  entry5.o ABSOLUTE
    ../clib/microlib/init/entry.s            0x00000000   Number         0  entry7a.o ABSOLUTE
    ../clib/microlib/init/entry.s            0x00000000   Number         0  entry7b.o ABSOLUTE
    ../clib/microlib/init/entry.s            0x00000000   Number         0  entry8a.o ABSOLUTE
    ../clib/microlib/init/entry.s            0x00000000   Number         0  entry8b.o ABSOLUTE
    ../clib/microlib/init/entry.s            0x00000000   Number         0  entry9a.o ABSOLUTE
    ../clib/microlib/init/entry.s            0x00000000   Number         0  entry9b.o ABSOLUTE
    ../clib/microlib/init/entry.s            0x00000000   Number         0  entry10a.o ABSOLUTE
    ../clib/microlib/init/entry.s            0x00000000   Number         0  entry10b.o ABSOLUTE
    ../clib/microlib/init/entry.s            0x00000000   Number         0  entry11a.o ABSOLUTE
    ../clib/microlib/init/entry.s            0x00000000   Number         0  entry11b.o ABSOLUTE
    ../clib/microlib/longlong.c              0x00000000   Number         0  llushr.o ABSOLUTE
    ../clib/microlib/longlong.c              0x00000000   Number         0  llshl.o ABSOLUTE
    ../clib/microlib/longlong.c              0x00000000   Number         0  llsshr.o ABSOLUTE
    ../clib/microlib/printf/printf.c         0x00000000   Number         0  printfa.o ABSOLUTE
    ../clib/microlib/stdio/streams.c         0x00000000   Number         0  stdout.o ABSOLUTE
    ../clib/microlib/string/memset.c         0x00000000   Number         0  memseta.o ABSOLUTE
    ../clib/microlib/string/strchr.c         0x00000000   Number         0  strchr.o ABSOLUTE
    ../clib/microlib/string/strlen.c         0x00000000   Number         0  strlen.o ABSOLUTE
    ../clib/microlib/stubs.s                 0x00000000   Number         0  iusefp.o ABSOLUTE
    ../clib/scanf.c                          0x00000000   Number         0  atoi.o ABSOLUTE
    ../clib/scanf.c                          0x00000000   Number         0  strtol.o ABSOLUTE
    ../clib/scanf.c                          0x00000000   Number         0  _strtoul.o ABSOLUTE
    ../clib/scanf.c                          0x00000000   Number         0  _chval.o ABSOLUTE
    ../fplib/microlib/fpadd.c                0x00000000   Number         0  fadd.o ABSOLUTE
    ../fplib/microlib/fpadd.c                0x00000000   Number         0  dadd.o ABSOLUTE
    ../fplib/microlib/fpcmp.c                0x00000000   Number         0  fcmple.o ABSOLUTE
    ../fplib/microlib/fpcmp.c                0x00000000   Number         0  fcmplt.o ABSOLUTE
    ../fplib/microlib/fpdiv.c                0x00000000   Number         0  ddiv.o ABSOLUTE
    ../fplib/microlib/fpepilogue.c           0x00000000   Number         0  fepilogue.o ABSOLUTE
    ../fplib/microlib/fpepilogue.c           0x00000000   Number         0  depilogue.o ABSOLUTE
    ../fplib/microlib/fpfix.c                0x00000000   Number         0  ffixi.o ABSOLUTE
    ../fplib/microlib/fpfix.c                0x00000000   Number         0  dfixi.o ABSOLUTE
    ../fplib/microlib/fpfix.c                0x00000000   Number         0  dfixul.o ABSOLUTE
    ../fplib/microlib/fpflt.c                0x00000000   Number         0  fflti.o ABSOLUTE
    ../fplib/microlib/fpflt.c                0x00000000   Number         0  ffltui.o ABSOLUTE
    ../fplib/microlib/fpflt.c                0x00000000   Number         0  dflti.o ABSOLUTE
    ../fplib/microlib/fpmul.c                0x00000000   Number         0  fmul.o ABSOLUTE
    ../fplib/microlib/fpmul.c                0x00000000   Number         0  dmul.o ABSOLUTE
    cdrcmple.s                               0x00000000   Number         0  cdrcmple.o ABSOLUTE
    count_down.c                             0x00000000   Number         0  count_down.o ABSOLUTE
    dc.s                                     0x00000000   Number         0  dc.o ABSOLUTE
    encode.c                                 0x00000000   Number         0  encode.o ABSOLUTE
    gd32e230f_start.c                        0x00000000   Number         0  gd32e230f_start.o ABSOLUTE
    gd32e23x_adc.c                           0x00000000   Number         0  gd32e23x_adc.o ABSOLUTE
    gd32e23x_cmp.c                           0x00000000   Number         0  gd32e23x_cmp.o ABSOLUTE
    gd32e23x_crc.c                           0x00000000   Number         0  gd32e23x_crc.o ABSOLUTE
    gd32e23x_dbg.c                           0x00000000   Number         0  gd32e23x_dbg.o ABSOLUTE
    gd32e23x_dma.c                           0x00000000   Number         0  gd32e23x_dma.o ABSOLUTE
    gd32e23x_exti.c                          0x00000000   Number         0  gd32e23x_exti.o ABSOLUTE
    gd32e23x_fmc.c                           0x00000000   Number         0  gd32e23x_fmc.o ABSOLUTE
    gd32e23x_fwdgt.c                         0x00000000   Number         0  gd32e23x_fwdgt.o ABSOLUTE
    gd32e23x_gpio.c                          0x00000000   Number         0  gd32e23x_gpio.o ABSOLUTE
    gd32e23x_i2c.c                           0x00000000   Number         0  gd32e23x_i2c.o ABSOLUTE
    gd32e23x_it.c                            0x00000000   Number         0  gd32e23x_it.o ABSOLUTE
    gd32e23x_misc.c                          0x00000000   Number         0  gd32e23x_misc.o ABSOLUTE
    gd32e23x_pmu.c                           0x00000000   Number         0  gd32e23x_pmu.o ABSOLUTE
    gd32e23x_rcu.c                           0x00000000   Number         0  gd32e23x_rcu.o ABSOLUTE
    gd32e23x_rtc.c                           0x00000000   Number         0  gd32e23x_rtc.o ABSOLUTE
    gd32e23x_spi.c                           0x00000000   Number         0  gd32e23x_spi.o ABSOLUTE
    gd32e23x_syscfg.c                        0x00000000   Number         0  gd32e23x_syscfg.o ABSOLUTE
    gd32e23x_timer.c                         0x00000000   Number         0  gd32e23x_timer.o ABSOLUTE
    gd32e23x_usart.c                         0x00000000   Number         0  gd32e23x_usart.o ABSOLUTE
    gd32e23x_wwdgt.c                         0x00000000   Number         0  gd32e23x_wwdgt.o ABSOLUTE
    handlers.s                               0x00000000   Number         0  handlers.o ABSOLUTE
    heater.c                                 0x00000000   Number         0  heater.o ABSOLUTE
    init.s                                   0x00000000   Number         0  init.o ABSOLUTE
    main.c                                   0x00000000   Number         0  main.o ABSOLUTE
    show_lcd.c                               0x00000000   Number         0  show_lcd.o ABSOLUTE
    system_gd32e23x.c                        0x00000000   Number         0  system_gd32e23x.o ABSOLUTE
    systick.c                                0x00000000   Number         0  systick.o ABSOLUTE
    temperature.c                            0x00000000   Number         0  temperature.o ABSOLUTE
    uart_debug.c                             0x00000000   Number         0  uart_debug.o ABSOLUTE
    RESET                                    0x08000000   Section      204  startup_gd32e23x.o(RESET)
    .ARM.Collect$$$$00000000                 0x080000cc   Section        0  entry.o(.ARM.Collect$$$$00000000)
    .ARM.Collect$$$$00000001                 0x080000cc   Section        4  entry2.o(.ARM.Collect$$$$00000001)
    .ARM.Collect$$$$00000004                 0x080000d0   Section        4  entry5.o(.ARM.Collect$$$$00000004)
    .ARM.Collect$$$$00000008                 0x080000d4   Section        0  entry7b.o(.ARM.Collect$$$$00000008)
    .ARM.Collect$$$$0000000A                 0x080000d4   Section        0  entry8b.o(.ARM.Collect$$$$0000000A)
    .ARM.Collect$$$$0000000B                 0x080000d4   Section        8  entry9a.o(.ARM.Collect$$$$0000000B)
    __lit__00000000                          0x080000dc   Data           4  entry2.o(.ARM.Collect$$$$00002712)
    .ARM.Collect$$$$0000000D                 0x080000dc   Section        0  entry10a.o(.ARM.Collect$$$$0000000D)
    .ARM.Collect$$$$0000000F                 0x080000dc   Section        0  entry11a.o(.ARM.Collect$$$$0000000F)
    .ARM.Collect$$$$00002712                 0x080000dc   Section        4  entry2.o(.ARM.Collect$$$$00002712)
    .text                                    0x080000e0   Section       28  startup_gd32e23x.o(.text)
    .text                                    0x080000fc   Section        0  fadd.o(.text)
    .text                                    0x080001ae   Section        0  fmul.o(.text)
    .text                                    0x08000228   Section        0  dmul.o(.text)
    .text                                    0x080002f8   Section        0  fcmple.o(.text)
    .text                                    0x08000314   Section        0  fcmplt.o(.text)
    .text                                    0x08000330   Section        0  fflti.o(.text)
    .text                                    0x08000346   Section        0  ffltui.o(.text)
    .text                                    0x08000354   Section        0  dflti.o(.text)
    .text                                    0x0800037c   Section        0  ffixi.o(.text)
    .text                                    0x080003b0   Section        0  dfixi.o(.text)
    .text                                    0x080003f8   Section        0  llushr.o(.text)
    .text                                    0x0800041a   Section        0  iusefp.o(.text)
    .text                                    0x0800041a   Section        0  fepilogue.o(.text)
    .text                                    0x0800049c   Section        0  depilogue.o(.text)
    .text                                    0x0800055c   Section       36  init.o(.text)
    .text                                    0x08000580   Section        0  llshl.o(.text)
    [Anonymous Symbol]                       0x080005a0   Section        0  temperature.o(.text.ADC_DMAConfig)
    __arm_cp.2_0                             0x08000600   Number         4  temperature.o(.text.ADC_DMAConfig)
    __arm_cp.2_1                             0x08000604   Number         4  temperature.o(.text.ADC_DMAConfig)
    __arm_cp.2_2                             0x08000608   Number         4  temperature.o(.text.ADC_DMAConfig)
    [Anonymous Symbol]                       0x0800060c   Section        0  temperature.o(.text.ADC_TO_TEMP)
    __arm_cp.4_0                             0x080006b0   Number         4  temperature.o(.text.ADC_TO_TEMP)
    [Anonymous Symbol]                       0x080006b4   Section        0  encode.o(.text.ENCODE_LOOP)
    __arm_cp.2_0                             0x08000848   Number         4  encode.o(.text.ENCODE_LOOP)
    [Anonymous Symbol]                       0x0800084c   Section        0  gd32e23x_it.o(.text.EXTI0_1_IRQHandler)
    [Anonymous Symbol]                       0x08000868   Section        0  encode.o(.text.EXTI2_3_IRQHandler)
    [Anonymous Symbol]                       0x08000882   Section        0  gd32e23x_it.o(.text.HardFault_Handler)
    [Anonymous Symbol]                       0x08000888   Section        0  temperature.o(.text.Hmd_calculate)
    __arm_cp.6_0                             0x08000950   Number         4  temperature.o(.text.Hmd_calculate)
    __arm_cp.6_1                             0x08000954   Number         4  temperature.o(.text.Hmd_calculate)
    __arm_cp.6_2                             0x08000958   Number         4  temperature.o(.text.Hmd_calculate)
    [Anonymous Symbol]                       0x0800095c   Section        0  encode.o(.text.Menu_Selection)
    __arm_cp.1_1                             0x08000b18   Number         4  encode.o(.text.Menu_Selection)
    __arm_cp.1_2                             0x08000b1c   Number         4  encode.o(.text.Menu_Selection)
    __arm_cp.1_3                             0x08000b20   Number         4  encode.o(.text.Menu_Selection)
    __arm_cp.1_5                             0x08000b24   Number         4  encode.o(.text.Menu_Selection)
    __arm_cp.1_6                             0x08000b28   Number         4  encode.o(.text.Menu_Selection)
    __arm_cp.1_7                             0x08000b2c   Number         4  encode.o(.text.Menu_Selection)
    [Anonymous Symbol]                       0x08000b30   Section        0  gd32e23x_it.o(.text.NMI_Handler)
    [Anonymous Symbol]                       0x08000b32   Section        0  gd32e23x_it.o(.text.PendSV_Handler)
    [Anonymous Symbol]                       0x08000b34   Section        0  temperature.o(.text.Read_humidity)
    __arm_cp.5_0                             0x08000b7c   Number         4  temperature.o(.text.Read_humidity)
    [Anonymous Symbol]                       0x08000b80   Section        0  temperature.o(.text.Read_temperature)
    __arm_cp.3_0                             0x08000ba0   Number         4  temperature.o(.text.Read_temperature)
    [Anonymous Symbol]                       0x08000ba4   Section        0  gd32e23x_it.o(.text.SVC_Handler)
    SysTick_Config                           0x08000ba9   Thumb Code    64  systick.o(.text.SysTick_Config)
    [Anonymous Symbol]                       0x08000ba8   Section        0  systick.o(.text.SysTick_Config)
    __arm_cp.1_0                             0x08000be8   Number         4  systick.o(.text.SysTick_Config)
    __arm_cp.1_1                             0x08000bec   Number         4  systick.o(.text.SysTick_Config)
    __arm_cp.1_2                             0x08000bf0   Number         4  systick.o(.text.SysTick_Config)
    [Anonymous Symbol]                       0x08000bf4   Section        0  gd32e23x_it.o(.text.SysTick_Handler)
    [Anonymous Symbol]                       0x08000bfc   Section        0  system_gd32e23x.o(.text.SystemInit)
    __arm_cp.0_0                             0x08000cd4   Number         4  system_gd32e23x.o(.text.SystemInit)
    __arm_cp.0_1                             0x08000cd8   Number         4  system_gd32e23x.o(.text.SystemInit)
    __arm_cp.0_2                             0x08000cdc   Number         4  system_gd32e23x.o(.text.SystemInit)
    __arm_cp.0_3                             0x08000ce0   Number         4  system_gd32e23x.o(.text.SystemInit)
    __arm_cp.0_4                             0x08000ce4   Number         4  system_gd32e23x.o(.text.SystemInit)
    __arm_cp.0_5                             0x08000ce8   Number         4  system_gd32e23x.o(.text.SystemInit)
    __arm_cp.0_6                             0x08000cec   Number         4  system_gd32e23x.o(.text.SystemInit)
    __arm_cp.0_7                             0x08000cf0   Number         4  system_gd32e23x.o(.text.SystemInit)
    __arm_cp.0_8                             0x08000cf4   Number         4  system_gd32e23x.o(.text.SystemInit)
    [Anonymous Symbol]                       0x08000cf8   Section        0  heater.o(.text.TIMER13_IRQHandler)
    __arm_cp.3_0                             0x08000dac   Number         4  heater.o(.text.TIMER13_IRQHandler)
    __arm_cp.3_1                             0x08000db0   Number         4  heater.o(.text.TIMER13_IRQHandler)
    [Anonymous Symbol]                       0x08000db4   Section        0  count_down.o(.text.TIMER2_IRQHandler)
    __arm_cp.2_0                             0x080010d4   Number         4  count_down.o(.text.TIMER2_IRQHandler)
    __arm_cp.2_1                             0x080010d8   Number         4  count_down.o(.text.TIMER2_IRQHandler)
    __arm_cp.2_2                             0x080010dc   Number         4  count_down.o(.text.TIMER2_IRQHandler)
    __arm_cp.2_3                             0x080010e0   Number         4  count_down.o(.text.TIMER2_IRQHandler)
    __arm_cp.2_4                             0x080010e4   Number         4  count_down.o(.text.TIMER2_IRQHandler)
    __arm_cp.2_5                             0x080010e8   Number         4  count_down.o(.text.TIMER2_IRQHandler)
    __arm_cp.2_6                             0x080010ec   Number         4  count_down.o(.text.TIMER2_IRQHandler)
    __arm_cp.2_8                             0x080010f0   Number         4  count_down.o(.text.TIMER2_IRQHandler)
    __arm_cp.2_10                            0x080010f4   Number         4  count_down.o(.text.TIMER2_IRQHandler)
    __arm_cp.2_11                            0x080010f8   Number         4  count_down.o(.text.TIMER2_IRQHandler)
    __arm_cp.2_12                            0x080010fc   Number         4  count_down.o(.text.TIMER2_IRQHandler)
    [Anonymous Symbol]                       0x08001100   Section        0  show_lcd.o(.text.TM1621_init)
    __arm_cp.6_1                             0x080011a0   Number         4  show_lcd.o(.text.TM1621_init)
    [Anonymous Symbol]                       0x080011a4   Section        0  temperature.o(.text.Temp_Hum_To_LCD)
    __arm_cp.7_0                             0x08001240   Number         4  temperature.o(.text.Temp_Hum_To_LCD)
    __arm_cp.7_1                             0x08001244   Number         4  temperature.o(.text.Temp_Hum_To_LCD)
    __arm_cp.7_3                             0x08001248   Number         4  temperature.o(.text.Temp_Hum_To_LCD)
    __arm_cp.7_4                             0x0800124c   Number         4  temperature.o(.text.Temp_Hum_To_LCD)
    [Anonymous Symbol]                       0x08001250   Section        0  count_down.o(.text.Time2_Init)
    __arm_cp.0_0                             0x080012a0   Number         4  count_down.o(.text.Time2_Init)
    __arm_cp.0_1                             0x080012a4   Number         4  count_down.o(.text.Time2_Init)
    [Anonymous Symbol]                       0x080012a8   Section        0  count_down.o(.text.Time_NumShow)
    __arm_cp.1_0                             0x08001310   Number         4  count_down.o(.text.Time_NumShow)
    __arm_cp.1_1                             0x08001314   Number         4  count_down.o(.text.Time_NumShow)
    [Anonymous Symbol]                       0x08001318   Section        0  heater.o(.text.Timer13_Init)
    __arm_cp.0_0                             0x08001368   Number         4  heater.o(.text.Timer13_Init)
    __arm_cp.0_1                             0x0800136c   Number         4  heater.o(.text.Timer13_Init)
    [Anonymous Symbol]                       0x08001370   Section        0  uart_debug.o(.text.USART0_IRQHandler)
    __arm_cp.9_0                             0x080013f4   Number         4  uart_debug.o(.text.USART0_IRQHandler)
    __arm_cp.9_1                             0x080013f8   Number         4  uart_debug.o(.text.USART0_IRQHandler)
    __arm_cp.9_2                             0x080013fc   Number         4  uart_debug.o(.text.USART0_IRQHandler)
    __arm_cp.9_3                             0x08001400   Number         4  uart_debug.o(.text.USART0_IRQHandler)
    __arm_cp.9_4                             0x08001404   Number         4  uart_debug.o(.text.USART0_IRQHandler)
    __arm_cp.9_5                             0x08001408   Number         4  uart_debug.o(.text.USART0_IRQHandler)
    __arm_cp.9_6                             0x0800140c   Number         4  uart_debug.o(.text.USART0_IRQHandler)
    __arm_cp.9_7                             0x08001410   Number         4  uart_debug.o(.text.USART0_IRQHandler)
    __arm_cp.9_8                             0x08001414   Number         4  uart_debug.o(.text.USART0_IRQHandler)
    [Anonymous Symbol]                       0x08001418   Section        0  show_lcd.o(.text.WriteAllData)
    [Anonymous Symbol]                       0x0800148c   Section        0  show_lcd.o(.text.WriteCmd)
    __arm_cp.3_0                             0x080014cc   Number         4  show_lcd.o(.text.WriteCmd)
    [Anonymous Symbol]                       0x080014d0   Section        0  show_lcd.o(.text.WriteOneData)
    __arm_cp.4_0                             0x0800151c   Number         4  show_lcd.o(.text.WriteOneData)
    [Anonymous Symbol]                       0x08001520   Section        0  show_lcd.o(.text.Write_Data_H)
    [Anonymous Symbol]                       0x080015c0   Section        0  show_lcd.o(.text.Write_Data_L)
    __NVIC_EnableIRQ                         0x0800165d   Thumb Code    48  gd32e23x_misc.o(.text.__NVIC_EnableIRQ)
    [Anonymous Symbol]                       0x0800165c   Section        0  gd32e23x_misc.o(.text.__NVIC_EnableIRQ)
    __arm_cp.2_0                             0x0800168c   Number         4  gd32e23x_misc.o(.text.__NVIC_EnableIRQ)
    __NVIC_SetPriority                       0x08001691   Thumb Code   128  gd32e23x_misc.o(.text.__NVIC_SetPriority)
    [Anonymous Symbol]                       0x08001690   Section        0  gd32e23x_misc.o(.text.__NVIC_SetPriority)
    __NVIC_SetPriority                       0x08001711   Thumb Code   128  systick.o(.text.__NVIC_SetPriority)
    [Anonymous Symbol]                       0x08001710   Section        0  systick.o(.text.__NVIC_SetPriority)
    __arm_cp.2_0                             0x08001790   Number         4  systick.o(.text.__NVIC_SetPriority)
    __arm_cp.2_1                             0x08001794   Number         4  systick.o(.text.__NVIC_SetPriority)
    [Anonymous Symbol]                       0x08001798   Section        0  gd32e23x_adc.o(.text.adc_calibration_enable)
    [Anonymous Symbol]                       0x080017d0   Section        0  gd32e23x_adc.o(.text.adc_channel_length_config)
    __arm_cp.11_0                            0x08001830   Number         4  gd32e23x_adc.o(.text.adc_channel_length_config)
    __arm_cp.11_1                            0x08001834   Number         4  gd32e23x_adc.o(.text.adc_channel_length_config)
    [Anonymous Symbol]                       0x08001838   Section        0  temperature.o(.text.adc_config)
    __arm_cp.1_0                             0x080018a0   Number         4  temperature.o(.text.adc_config)
    [Anonymous Symbol]                       0x080018a4   Section        0  gd32e23x_adc.o(.text.adc_data_alignment_config)
    [Anonymous Symbol]                       0x080018d0   Section        0  gd32e23x_adc.o(.text.adc_dma_mode_enable)
    [Anonymous Symbol]                       0x080018e0   Section        0  gd32e23x_adc.o(.text.adc_enable)
    [Anonymous Symbol]                       0x080018f8   Section        0  gd32e23x_adc.o(.text.adc_external_trigger_source_config)
    [Anonymous Symbol]                       0x08001948   Section        0  temperature.o(.text.adc_pin_config)
    __arm_cp.0_1                             0x0800198c   Number         4  temperature.o(.text.adc_pin_config)
    __arm_cp.0_2                             0x08001990   Number         4  temperature.o(.text.adc_pin_config)
    [Anonymous Symbol]                       0x08001994   Section        0  gd32e23x_adc.o(.text.adc_regular_channel_config)
    __arm_cp.12_0                            0x08001adc   Number         4  gd32e23x_adc.o(.text.adc_regular_channel_config)
    __arm_cp.12_1                            0x08001ae0   Number         4  gd32e23x_adc.o(.text.adc_regular_channel_config)
    __arm_cp.12_2                            0x08001ae4   Number         4  gd32e23x_adc.o(.text.adc_regular_channel_config)
    __arm_cp.12_3                            0x08001ae8   Number         4  gd32e23x_adc.o(.text.adc_regular_channel_config)
    __arm_cp.12_4                            0x08001aec   Number         4  gd32e23x_adc.o(.text.adc_regular_channel_config)
    [Anonymous Symbol]                       0x08001af0   Section        0  gd32e23x_adc.o(.text.adc_resolution_config)
    [Anonymous Symbol]                       0x08001b0c   Section        0  gd32e23x_adc.o(.text.adc_software_trigger_enable)
    __arm_cp.17_0                            0x08001b48   Number         4  gd32e23x_adc.o(.text.adc_software_trigger_enable)
    [Anonymous Symbol]                       0x08001b4c   Section        0  gd32e23x_adc.o(.text.adc_special_function_config)
    __arm_cp.9_0                             0x08001bf8   Number         4  gd32e23x_adc.o(.text.adc_special_function_config)
    __arm_cp.9_1                             0x08001bfc   Number         4  gd32e23x_adc.o(.text.adc_special_function_config)
    [Anonymous Symbol]                       0x08001c00   Section        0  uart_debug.o(.text.com_gpio_init)
    __arm_cp.5_0                             0x08001c64   Number         4  uart_debug.o(.text.com_gpio_init)
    [Anonymous Symbol]                       0x08001c68   Section        0  systick.o(.text.delay_10us)
    [Anonymous Symbol]                       0x08001c84   Section        0  systick.o(.text.delay_1ms)
    [Anonymous Symbol]                       0x08001ca4   Section        0  systick.o(.text.delay_decrement)
    __arm_cp.5_0                             0x08001cb8   Number         4  systick.o(.text.delay_decrement)
    [Anonymous Symbol]                       0x08001cbc   Section        0  gd32e23x_dma.o(.text.dma_channel_disable)
    [Anonymous Symbol]                       0x08001cd8   Section        0  gd32e23x_dma.o(.text.dma_channel_enable)
    [Anonymous Symbol]                       0x08001cf4   Section        0  gd32e23x_dma.o(.text.dma_circulation_enable)
    [Anonymous Symbol]                       0x08001d10   Section        0  gd32e23x_dma.o(.text.dma_deinit)
    __arm_cp.0_4                             0x08001d68   Number         4  gd32e23x_dma.o(.text.dma_deinit)
    [Anonymous Symbol]                       0x08001d6c   Section        0  gd32e23x_dma.o(.text.dma_flag_get)
    __arm_cp.21_0                            0x08001da0   Number         4  gd32e23x_dma.o(.text.dma_flag_get)
    [Anonymous Symbol]                       0x08001da4   Section        0  gd32e23x_dma.o(.text.dma_init)
    __arm_cp.2_0                             0x08001eb0   Number         4  gd32e23x_dma.o(.text.dma_init)
    __arm_cp.2_1                             0x08001eb4   Number         4  gd32e23x_dma.o(.text.dma_init)
    __arm_cp.2_2                             0x08001eb8   Number         4  gd32e23x_dma.o(.text.dma_init)
    [Anonymous Symbol]                       0x08001ebc   Section        0  gd32e23x_dma.o(.text.dma_memory_to_memory_disable)
    __arm_cp.7_0                             0x08001edc   Number         4  gd32e23x_dma.o(.text.dma_memory_to_memory_disable)
    [Anonymous Symbol]                       0x08001ee0   Section        0  encode.o(.text.encode_pin_config)
    __arm_cp.0_0                             0x08001f2c   Number         4  encode.o(.text.encode_pin_config)
    __arm_cp.0_1                             0x08001f30   Number         4  encode.o(.text.encode_pin_config)
    [Anonymous Symbol]                       0x08001f34   Section        0  gd32e23x_exti.o(.text.exti_init)
    __arm_cp.1_0                             0x08002004   Number         4  gd32e23x_exti.o(.text.exti_init)
    __arm_cp.1_1                             0x08002008   Number         4  gd32e23x_exti.o(.text.exti_init)
    __arm_cp.1_2                             0x0800200c   Number         4  gd32e23x_exti.o(.text.exti_init)
    __arm_cp.1_3                             0x08002010   Number         4  gd32e23x_exti.o(.text.exti_init)
    [Anonymous Symbol]                       0x08002014   Section        0  gd32e23x_exti.o(.text.exti_interrupt_flag_clear)
    [Anonymous Symbol]                       0x08002024   Section        0  gd32e23x_exti.o(.text.exti_interrupt_flag_get)
    __arm_cp.10_0                            0x0800204c   Number         4  gd32e23x_exti.o(.text.exti_interrupt_flag_get)
    [Anonymous Symbol]                       0x08002050   Section        0  gd32e230f_start.o(.text.gd_eval_led_toggle)
    __arm_cp.3_0                             0x0800206c   Number         4  gd32e230f_start.o(.text.gd_eval_led_toggle)
    __arm_cp.3_1                             0x08002070   Number         4  gd32e230f_start.o(.text.gd_eval_led_toggle)
    [Anonymous Symbol]                       0x08002074   Section        0  gd32e23x_gpio.o(.text.gpio_af_set)
    [Anonymous Symbol]                       0x08002134   Section        0  gd32e23x_gpio.o(.text.gpio_bit_write)
    [Anonymous Symbol]                       0x08002158   Section        0  main.o(.text.gpio_config)
    __arm_cp.1_0                             0x080021c8   Number         4  main.o(.text.gpio_config)
    __arm_cp.1_1                             0x080021cc   Number         4  main.o(.text.gpio_config)
    __arm_cp.1_2                             0x080021d0   Number         4  main.o(.text.gpio_config)
    [Anonymous Symbol]                       0x080021d4   Section        0  gd32e23x_gpio.o(.text.gpio_input_bit_get)
    [Anonymous Symbol]                       0x080021fe   Section        0  gd32e23x_gpio.o(.text.gpio_mode_set)
    [Anonymous Symbol]                       0x0800228c   Section        0  gd32e23x_gpio.o(.text.gpio_output_options_set)
    [Anonymous Symbol]                       0x08002318   Section        0  show_lcd.o(.text.lcd_pin_config)
    __arm_cp.0_0                             0x0800236c   Number         4  show_lcd.o(.text.lcd_pin_config)
    __arm_cp.0_1                             0x08002370   Number         4  show_lcd.o(.text.lcd_pin_config)
    __arm_cp.0_2                             0x08002374   Number         4  show_lcd.o(.text.lcd_pin_config)
    [Anonymous Symbol]                       0x08002378   Section        0  main.o(.text.main)
    __arm_cp.0_0                             0x080023b8   Number         4  main.o(.text.main)
    __arm_cp.0_1                             0x080023bc   Number         4  main.o(.text.main)
    [Anonymous Symbol]                       0x080023c0   Section        0  gd32e23x_misc.o(.text.nvic_irq_enable)
    [Anonymous Symbol]                       0x080023ec   Section        0  gd32e23x_misc.o(.text.nvic_vector_table_set)
    __arm_cp.7_0                             0x08002408   Number         4  gd32e23x_misc.o(.text.nvic_vector_table_set)
    __arm_cp.7_1                             0x0800240c   Number         4  gd32e23x_misc.o(.text.nvic_vector_table_set)
    [Anonymous Symbol]                       0x08002410   Section        0  heater.o(.text.pid_init)
    __arm_cp.1_1                             0x08002438   Number         4  heater.o(.text.pid_init)
    __arm_cp.1_2                             0x0800243c   Number         4  heater.o(.text.pid_init)
    __arm_cp.1_3                             0x08002440   Number         4  heater.o(.text.pid_init)
    [Anonymous Symbol]                       0x08002444   Section        0  heater.o(.text.pid_realise)
    __arm_cp.2_0                             0x0800258c   Number         4  heater.o(.text.pid_realise)
    __arm_cp.2_1                             0x08002590   Number         4  heater.o(.text.pid_realise)
    __arm_cp.2_2                             0x08002594   Number         4  heater.o(.text.pid_realise)
    [Anonymous Symbol]                       0x08002598   Section        0  gd32e23x_rcu.o(.text.rcu_adc_clock_config)
    __arm_cp.14_1                            0x08002718   Number         4  gd32e23x_rcu.o(.text.rcu_adc_clock_config)
    __arm_cp.14_2                            0x0800271c   Number         4  gd32e23x_rcu.o(.text.rcu_adc_clock_config)
    [Anonymous Symbol]                       0x08002720   Section        0  gd32e23x_rcu.o(.text.rcu_periph_clock_enable)
    [Anonymous Symbol]                       0x08002744   Section        0  gd32e23x_rcu.o(.text.rcu_periph_reset_disable)
    [Anonymous Symbol]                       0x08002768   Section        0  gd32e23x_rcu.o(.text.rcu_periph_reset_enable)
    [Anonymous Symbol]                       0x0800278c   Section        0  gd32e23x_syscfg.o(.text.syscfg_exti_line_config)
    __arm_cp.5_0                             0x08002830   Number         4  gd32e23x_syscfg.o(.text.syscfg_exti_line_config)
    __arm_cp.5_1                             0x08002834   Number         4  gd32e23x_syscfg.o(.text.syscfg_exti_line_config)
    __arm_cp.5_2                             0x08002838   Number         4  gd32e23x_syscfg.o(.text.syscfg_exti_line_config)
    __arm_cp.5_3                             0x0800283c   Number         4  gd32e23x_syscfg.o(.text.syscfg_exti_line_config)
    system_clock_72m_irc8m                   0x08002841   Thumb Code   204  system_gd32e23x.o(.text.system_clock_72m_irc8m)
    [Anonymous Symbol]                       0x08002840   Section        0  system_gd32e23x.o(.text.system_clock_72m_irc8m)
    __arm_cp.3_0                             0x0800290c   Number         4  system_gd32e23x.o(.text.system_clock_72m_irc8m)
    __arm_cp.3_1                             0x08002910   Number         4  system_gd32e23x.o(.text.system_clock_72m_irc8m)
    __arm_cp.3_2                             0x08002914   Number         4  system_gd32e23x.o(.text.system_clock_72m_irc8m)
    __arm_cp.3_3                             0x08002918   Number         4  system_gd32e23x.o(.text.system_clock_72m_irc8m)
    __arm_cp.3_4                             0x0800291c   Number         4  system_gd32e23x.o(.text.system_clock_72m_irc8m)
    system_clock_config                      0x08002921   Thumb Code     8  system_gd32e23x.o(.text.system_clock_config)
    [Anonymous Symbol]                       0x08002920   Section        0  system_gd32e23x.o(.text.system_clock_config)
    [Anonymous Symbol]                       0x08002928   Section        0  systick.o(.text.systick_config)
    __arm_cp.0_0                             0x0800294c   Number         4  systick.o(.text.systick_config)
    __arm_cp.0_1                             0x08002950   Number         4  systick.o(.text.systick_config)
    [Anonymous Symbol]                       0x08002954   Section        0  gd32e23x_timer.o(.text.timer_auto_reload_shadow_enable)
    [Anonymous Symbol]                       0x08002968   Section        0  gd32e23x_timer.o(.text.timer_deinit)
    __arm_cp.0_1                             0x08002a30   Number         4  gd32e23x_timer.o(.text.timer_deinit)
    __arm_cp.0_7                             0x08002a34   Number         4  gd32e23x_timer.o(.text.timer_deinit)
    __arm_cp.0_8                             0x08002a38   Number         4  gd32e23x_timer.o(.text.timer_deinit)
    __arm_cp.0_9                             0x08002a3c   Number         4  gd32e23x_timer.o(.text.timer_deinit)
    __arm_cp.0_10                            0x08002a40   Number         4  gd32e23x_timer.o(.text.timer_deinit)
    __arm_cp.0_11                            0x08002a44   Number         4  gd32e23x_timer.o(.text.timer_deinit)
    [Anonymous Symbol]                       0x08002a48   Section        0  gd32e23x_timer.o(.text.timer_enable)
    [Anonymous Symbol]                       0x08002a5c   Section        0  gd32e23x_timer.o(.text.timer_init)
    __arm_cp.2_0                             0x08002b40   Number         4  gd32e23x_timer.o(.text.timer_init)
    __arm_cp.2_1                             0x08002b44   Number         4  gd32e23x_timer.o(.text.timer_init)
    __arm_cp.2_2                             0x08002b48   Number         4  gd32e23x_timer.o(.text.timer_init)
    __arm_cp.2_3                             0x08002b4c   Number         4  gd32e23x_timer.o(.text.timer_init)
    __arm_cp.2_4                             0x08002b50   Number         4  gd32e23x_timer.o(.text.timer_init)
    __arm_cp.2_5                             0x08002b54   Number         4  gd32e23x_timer.o(.text.timer_init)
    [Anonymous Symbol]                       0x08002b58   Section        0  gd32e23x_timer.o(.text.timer_interrupt_enable)
    [Anonymous Symbol]                       0x08002b6c   Section        0  gd32e23x_timer.o(.text.timer_interrupt_flag_clear)
    [Anonymous Symbol]                       0x08002b7e   Section        0  gd32e23x_timer.o(.text.timer_interrupt_flag_get)
    [Anonymous Symbol]                       0x08002bb8   Section        0  gd32e23x_usart.o(.text.usart_data_receive)
    [Anonymous Symbol]                       0x08002bc8   Section        0  gd32e23x_usart.o(.text.usart_data_transmit)
    __arm_cp.18_0                            0x08002bdc   Number         4  gd32e23x_usart.o(.text.usart_data_transmit)
    [Anonymous Symbol]                       0x08002be0   Section        0  gd32e23x_usart.o(.text.usart_interrupt_disable)
    [Anonymous Symbol]                       0x08002c02   Section        0  gd32e23x_usart.o(.text.usart_interrupt_flag_get)
    i.__ARM_clz                              0x08002c64   Section        0  depilogue.o(i.__ARM_clz)
    i.__scatterload_copy                     0x08002c92   Section       14  handlers.o(i.__scatterload_copy)
    i.__scatterload_null                     0x08002ca0   Section        2  handlers.o(i.__scatterload_null)
    i.__scatterload_zeroinit                 0x08002ca2   Section       14  handlers.o(i.__scatterload_zeroinit)
    GPIO_PIN                                 0x080032a0   Data           8  gd32e230f_start.o(.rodata.GPIO_PIN)
    [Anonymous Symbol]                       0x080032a0   Section        0  gd32e230f_start.o(.rodata.GPIO_PIN)
    GPIO_PORT                                0x080032a8   Data           8  gd32e230f_start.o(.rodata.GPIO_PORT)
    [Anonymous Symbol]                       0x080032a8   Section        0  gd32e230f_start.o(.rodata.GPIO_PORT)
    TIMER2_IRQHandler.fan_delay              0x2000001c   Data           1  count_down.o(.data.TIMER2_IRQHandler.fan_delay)
    [Anonymous Symbol]                       0x2000001c   Section        0  count_down.o(.data.TIMER2_IRQHandler.fan_delay)
    TIMER2_IRQHandler.twinkle_flag           0x2000001d   Data           1  count_down.o(.data.TIMER2_IRQHandler.twinkle_flag)
    [Anonymous Symbol]                       0x2000001d   Section        0  count_down.o(.data.TIMER2_IRQHandler.twinkle_flag)
    Menu_Selection.pressure_flag             0x20000029   Data           1  encode.o(.bss.Menu_Selection.pressure_flag)
    [Anonymous Symbol]                       0x20000029   Section        0  encode.o(.bss.Menu_Selection.pressure_flag)
    TIMER2_IRQHandler.choose_cnt             0x2000002b   Data           1  count_down.o(.bss.TIMER2_IRQHandler.choose_cnt)
    [Anonymous Symbol]                       0x2000002b   Section        0  count_down.o(.bss.TIMER2_IRQHandler.choose_cnt)
    TIMER2_IRQHandler.choose_last            0x2000002c   Data           1  count_down.o(.bss.TIMER2_IRQHandler.choose_last)
    [Anonymous Symbol]                       0x2000002c   Section        0  count_down.o(.bss.TIMER2_IRQHandler.choose_last)
    TIMER2_IRQHandler.choose_now             0x2000002d   Data           1  count_down.o(.bss.TIMER2_IRQHandler.choose_now)
    [Anonymous Symbol]                       0x2000002d   Section        0  count_down.o(.bss.TIMER2_IRQHandler.choose_now)
    TIMER2_IRQHandler.show_flag              0x2000002e   Data           1  count_down.o(.bss.TIMER2_IRQHandler.show_flag)
    [Anonymous Symbol]                       0x2000002e   Section        0  count_down.o(.bss.TIMER2_IRQHandler.show_flag)
    TIMER2_IRQHandler.time_count             0x2000002f   Data           1  count_down.o(.bss.TIMER2_IRQHandler.time_count)
    [Anonymous Symbol]                       0x2000002f   Section        0  count_down.o(.bss.TIMER2_IRQHandler.time_count)
    delay                                    0x2000003c   Data           4  systick.o(.bss.delay)
    [Anonymous Symbol]                       0x2000003c   Section        0  systick.o(.bss.delay)
    STACK                                    0x20000170   Section     1024  startup_gd32e23x.o(STACK)

    Global Symbols

    Symbol Name                              Value     Ov Type        Size  Object(Section)

    BuildAttributes$$THM_ISAv3M$S$8M$PE$A:L22$X:L11$S22$IEEE1$IW$~IW$USESV6$~STKCKD$USESV7$~SHL$OTIME$ROPI$EBA8$MICROLIB$REQ8$PRES8$EABIv2 0x00000000   Number         0  anon$$obj.o ABSOLUTE
    __cpp_initialize__aeabi_                  - Undefined Weak Reference
    __cxa_finalize                            - Undefined Weak Reference
    __decompress                              - Undefined Weak Reference
    _clock_init                               - Undefined Weak Reference
    _microlib_exit                            - Undefined Weak Reference
    __Vectors_Size                           0x000000cc   Number         0  startup_gd32e23x.o ABSOLUTE
    __Vectors                                0x08000000   Data           4  startup_gd32e23x.o(RESET)
    __Vectors_End                            0x080000cc   Data           0  startup_gd32e23x.o(RESET)
    __main                                   0x080000cd   Thumb Code     0  entry.o(.ARM.Collect$$$$00000000)
    _main_stk                                0x080000cd   Thumb Code     0  entry2.o(.ARM.Collect$$$$00000001)
    _main_scatterload                        0x080000d1   Thumb Code     0  entry5.o(.ARM.Collect$$$$00000004)
    __main_after_scatterload                 0x080000d5   Thumb Code     0  entry5.o(.ARM.Collect$$$$00000004)
    _main_clock                              0x080000d5   Thumb Code     0  entry7b.o(.ARM.Collect$$$$00000008)
    _main_cpp_init                           0x080000d5   Thumb Code     0  entry8b.o(.ARM.Collect$$$$0000000A)
    _main_init                               0x080000d5   Thumb Code     0  entry9a.o(.ARM.Collect$$$$0000000B)
    __rt_final_cpp                           0x080000dd   Thumb Code     0  entry10a.o(.ARM.Collect$$$$0000000D)
    __rt_final_exit                          0x080000dd   Thumb Code     0  entry11a.o(.ARM.Collect$$$$0000000F)
    Reset_Handler                            0x080000e1   Thumb Code     8  startup_gd32e23x.o(.text)
    ADC_CMP_IRQHandler                       0x080000f3   Thumb Code     0  startup_gd32e23x.o(.text)
    DMA_Channel0_IRQHandler                  0x080000f3   Thumb Code     0  startup_gd32e23x.o(.text)
    DMA_Channel1_2_IRQHandler                0x080000f3   Thumb Code     0  startup_gd32e23x.o(.text)
    DMA_Channel3_4_IRQHandler                0x080000f3   Thumb Code     0  startup_gd32e23x.o(.text)
    EXTI4_15_IRQHandler                      0x080000f3   Thumb Code     0  startup_gd32e23x.o(.text)
    FMC_IRQHandler                           0x080000f3   Thumb Code     0  startup_gd32e23x.o(.text)
    I2C0_ER_IRQHandler                       0x080000f3   Thumb Code     0  startup_gd32e23x.o(.text)
    I2C0_EV_IRQHandler                       0x080000f3   Thumb Code     0  startup_gd32e23x.o(.text)
    I2C1_ER_IRQHandler                       0x080000f3   Thumb Code     0  startup_gd32e23x.o(.text)
    I2C1_EV_IRQHandler                       0x080000f3   Thumb Code     0  startup_gd32e23x.o(.text)
    LVD_IRQHandler                           0x080000f3   Thumb Code     0  startup_gd32e23x.o(.text)
    RCU_IRQHandler                           0x080000f3   Thumb Code     0  startup_gd32e23x.o(.text)
    RTC_IRQHandler                           0x080000f3   Thumb Code     0  startup_gd32e23x.o(.text)
    SPI0_IRQHandler                          0x080000f3   Thumb Code     0  startup_gd32e23x.o(.text)
    SPI1_IRQHandler                          0x080000f3   Thumb Code     0  startup_gd32e23x.o(.text)
    TIMER0_BRK_UP_TRG_COM_IRQHandler         0x080000f3   Thumb Code     0  startup_gd32e23x.o(.text)
    TIMER0_Channel_IRQHandler                0x080000f3   Thumb Code     0  startup_gd32e23x.o(.text)
    TIMER14_IRQHandler                       0x080000f3   Thumb Code     0  startup_gd32e23x.o(.text)
    TIMER15_IRQHandler                       0x080000f3   Thumb Code     0  startup_gd32e23x.o(.text)
    TIMER16_IRQHandler                       0x080000f3   Thumb Code     0  startup_gd32e23x.o(.text)
    TIMER5_IRQHandler                        0x080000f3   Thumb Code     0  startup_gd32e23x.o(.text)
    USART1_IRQHandler                        0x080000f3   Thumb Code     0  startup_gd32e23x.o(.text)
    WWDGT_IRQHandler                         0x080000f3   Thumb Code     0  startup_gd32e23x.o(.text)
    __aeabi_fadd                             0x080000fd   Thumb Code   162  fadd.o(.text)
    __aeabi_fsub                             0x0800019f   Thumb Code     8  fadd.o(.text)
    __aeabi_frsub                            0x080001a7   Thumb Code     8  fadd.o(.text)
    __aeabi_fmul                             0x080001af   Thumb Code   122  fmul.o(.text)
    __aeabi_dmul                             0x08000229   Thumb Code   202  dmul.o(.text)
    __aeabi_fcmple                           0x080002f9   Thumb Code    28  fcmple.o(.text)
    __aeabi_fcmplt                           0x08000315   Thumb Code    28  fcmplt.o(.text)
    __aeabi_i2f                              0x08000331   Thumb Code    22  fflti.o(.text)
    __aeabi_ui2f                             0x08000347   Thumb Code    14  ffltui.o(.text)
    __aeabi_i2d                              0x08000355   Thumb Code    34  dflti.o(.text)
    __aeabi_f2iz                             0x0800037d   Thumb Code    50  ffixi.o(.text)
    __aeabi_d2iz                             0x080003b1   Thumb Code    62  dfixi.o(.text)
    __aeabi_llsr                             0x080003f9   Thumb Code    34  llushr.o(.text)
    _ll_ushift_r                             0x080003f9   Thumb Code     0  llushr.o(.text)
    __I$use$fp                               0x0800041b   Thumb Code     0  iusefp.o(.text)
    _float_round                             0x0800041b   Thumb Code    16  fepilogue.o(.text)
    _float_epilogue                          0x0800042b   Thumb Code   114  fepilogue.o(.text)
    _double_round                            0x0800049d   Thumb Code    26  depilogue.o(.text)
    _double_epilogue                         0x080004b7   Thumb Code   164  depilogue.o(.text)
    __scatterload                            0x0800055d   Thumb Code    28  init.o(.text)
    __scatterload_rt2                        0x0800055d   Thumb Code     0  init.o(.text)
    __aeabi_llsl                             0x08000581   Thumb Code    32  llshl.o(.text)
    _ll_shift_l                              0x08000581   Thumb Code     0  llshl.o(.text)
    ADC_DMAConfig                            0x080005a1   Thumb Code    96  temperature.o(.text.ADC_DMAConfig)
    ADC_TO_TEMP                              0x0800060d   Thumb Code   164  temperature.o(.text.ADC_TO_TEMP)
    ENCODE_LOOP                              0x080006b5   Thumb Code   404  encode.o(.text.ENCODE_LOOP)
    EXTI0_1_IRQHandler                       0x0800084d   Thumb Code    28  gd32e23x_it.o(.text.EXTI0_1_IRQHandler)
    EXTI2_3_IRQHandler                       0x08000869   Thumb Code    26  encode.o(.text.EXTI2_3_IRQHandler)
    HardFault_Handler                        0x08000883   Thumb Code     4  gd32e23x_it.o(.text.HardFault_Handler)
    Hmd_calculate                            0x08000889   Thumb Code   200  temperature.o(.text.Hmd_calculate)
    Menu_Selection                           0x0800095d   Thumb Code   444  encode.o(.text.Menu_Selection)
    NMI_Handler                              0x08000b31   Thumb Code     2  gd32e23x_it.o(.text.NMI_Handler)
    PendSV_Handler                           0x08000b33   Thumb Code     2  gd32e23x_it.o(.text.PendSV_Handler)
    Read_humidity                            0x08000b35   Thumb Code    72  temperature.o(.text.Read_humidity)
    Read_temperature                         0x08000b81   Thumb Code    32  temperature.o(.text.Read_temperature)
    SVC_Handler                              0x08000ba5   Thumb Code     2  gd32e23x_it.o(.text.SVC_Handler)
    SysTick_Handler                          0x08000bf5   Thumb Code     8  gd32e23x_it.o(.text.SysTick_Handler)
    SystemInit                               0x08000bfd   Thumb Code   216  system_gd32e23x.o(.text.SystemInit)
    TIMER13_IRQHandler                       0x08000cf9   Thumb Code   180  heater.o(.text.TIMER13_IRQHandler)
    TIMER2_IRQHandler                        0x08000db5   Thumb Code   800  count_down.o(.text.TIMER2_IRQHandler)
    TM1621_init                              0x08001101   Thumb Code   160  show_lcd.o(.text.TM1621_init)
    Temp_Hum_To_LCD                          0x080011a5   Thumb Code   156  temperature.o(.text.Temp_Hum_To_LCD)
    Time2_Init                               0x08001251   Thumb Code    80  count_down.o(.text.Time2_Init)
    Time_NumShow                             0x080012a9   Thumb Code   104  count_down.o(.text.Time_NumShow)
    Timer13_Init                             0x08001319   Thumb Code    80  heater.o(.text.Timer13_Init)
    USART0_IRQHandler                        0x08001371   Thumb Code   132  uart_debug.o(.text.USART0_IRQHandler)
    WriteAllData                             0x08001419   Thumb Code   116  show_lcd.o(.text.WriteAllData)
    WriteCmd                                 0x0800148d   Thumb Code    64  show_lcd.o(.text.WriteCmd)
    WriteOneData                             0x080014d1   Thumb Code    76  show_lcd.o(.text.WriteOneData)
    Write_Data_H                             0x08001521   Thumb Code   160  show_lcd.o(.text.Write_Data_H)
    Write_Data_L                             0x080015c1   Thumb Code   154  show_lcd.o(.text.Write_Data_L)
    adc_calibration_enable                   0x08001799   Thumb Code    56  gd32e23x_adc.o(.text.adc_calibration_enable)
    adc_channel_length_config                0x080017d1   Thumb Code    96  gd32e23x_adc.o(.text.adc_channel_length_config)
    adc_config                               0x08001839   Thumb Code   104  temperature.o(.text.adc_config)
    adc_data_alignment_config                0x080018a5   Thumb Code    44  gd32e23x_adc.o(.text.adc_data_alignment_config)
    adc_dma_mode_enable                      0x080018d1   Thumb Code    16  gd32e23x_adc.o(.text.adc_dma_mode_enable)
    adc_enable                               0x080018e1   Thumb Code    24  gd32e23x_adc.o(.text.adc_enable)
    adc_external_trigger_source_config       0x080018f9   Thumb Code    80  gd32e23x_adc.o(.text.adc_external_trigger_source_config)
    adc_pin_config                           0x08001949   Thumb Code    68  temperature.o(.text.adc_pin_config)
    adc_regular_channel_config               0x08001995   Thumb Code   328  gd32e23x_adc.o(.text.adc_regular_channel_config)
    adc_resolution_config                    0x08001af1   Thumb Code    28  gd32e23x_adc.o(.text.adc_resolution_config)
    adc_software_trigger_enable              0x08001b0d   Thumb Code    60  gd32e23x_adc.o(.text.adc_software_trigger_enable)
    adc_special_function_config              0x08001b4d   Thumb Code   172  gd32e23x_adc.o(.text.adc_special_function_config)
    com_gpio_init                            0x08001c01   Thumb Code   100  uart_debug.o(.text.com_gpio_init)
    delay_10us                               0x08001c69   Thumb Code    28  systick.o(.text.delay_10us)
    delay_1ms                                0x08001c85   Thumb Code    30  systick.o(.text.delay_1ms)
    delay_decrement                          0x08001ca5   Thumb Code    20  systick.o(.text.delay_decrement)
    dma_channel_disable                      0x08001cbd   Thumb Code    28  gd32e23x_dma.o(.text.dma_channel_disable)
    dma_channel_enable                       0x08001cd9   Thumb Code    28  gd32e23x_dma.o(.text.dma_channel_enable)
    dma_circulation_enable                   0x08001cf5   Thumb Code    28  gd32e23x_dma.o(.text.dma_circulation_enable)
    dma_deinit                               0x08001d11   Thumb Code    88  gd32e23x_dma.o(.text.dma_deinit)
    dma_flag_get                             0x08001d6d   Thumb Code    52  gd32e23x_dma.o(.text.dma_flag_get)
    dma_init                                 0x08001da5   Thumb Code   268  gd32e23x_dma.o(.text.dma_init)
    dma_memory_to_memory_disable             0x08001ebd   Thumb Code    32  gd32e23x_dma.o(.text.dma_memory_to_memory_disable)
    encode_pin_config                        0x08001ee1   Thumb Code    76  encode.o(.text.encode_pin_config)
    exti_init                                0x08001f35   Thumb Code   208  gd32e23x_exti.o(.text.exti_init)
    exti_interrupt_flag_clear                0x08002015   Thumb Code    16  gd32e23x_exti.o(.text.exti_interrupt_flag_clear)
    exti_interrupt_flag_get                  0x08002025   Thumb Code    40  gd32e23x_exti.o(.text.exti_interrupt_flag_get)
    gd_eval_led_toggle                       0x08002051   Thumb Code    28  gd32e230f_start.o(.text.gd_eval_led_toggle)
    gpio_af_set                              0x08002075   Thumb Code   192  gd32e23x_gpio.o(.text.gpio_af_set)
    gpio_bit_write                           0x08002135   Thumb Code    36  gd32e23x_gpio.o(.text.gpio_bit_write)
    gpio_config                              0x08002159   Thumb Code   112  main.o(.text.gpio_config)
    gpio_input_bit_get                       0x080021d5   Thumb Code    42  gd32e23x_gpio.o(.text.gpio_input_bit_get)
    gpio_mode_set                            0x080021ff   Thumb Code   142  gd32e23x_gpio.o(.text.gpio_mode_set)
    gpio_output_options_set                  0x0800228d   Thumb Code   138  gd32e23x_gpio.o(.text.gpio_output_options_set)
    lcd_pin_config                           0x08002319   Thumb Code    84  show_lcd.o(.text.lcd_pin_config)
    main                                     0x08002379   Thumb Code    64  main.o(.text.main)
    nvic_irq_enable                          0x080023c1   Thumb Code    42  gd32e23x_misc.o(.text.nvic_irq_enable)
    nvic_vector_table_set                    0x080023ed   Thumb Code    28  gd32e23x_misc.o(.text.nvic_vector_table_set)
    pid_init                                 0x08002411   Thumb Code    40  heater.o(.text.pid_init)
    pid_realise                              0x08002445   Thumb Code   328  heater.o(.text.pid_realise)
    rcu_adc_clock_config                     0x08002599   Thumb Code   384  gd32e23x_rcu.o(.text.rcu_adc_clock_config)
    rcu_periph_clock_enable                  0x08002721   Thumb Code    36  gd32e23x_rcu.o(.text.rcu_periph_clock_enable)
    rcu_periph_reset_disable                 0x08002745   Thumb Code    36  gd32e23x_rcu.o(.text.rcu_periph_reset_disable)
    rcu_periph_reset_enable                  0x08002769   Thumb Code    36  gd32e23x_rcu.o(.text.rcu_periph_reset_enable)
    syscfg_exti_line_config                  0x0800278d   Thumb Code   164  gd32e23x_syscfg.o(.text.syscfg_exti_line_config)
    systick_config                           0x08002929   Thumb Code    36  systick.o(.text.systick_config)
    timer_auto_reload_shadow_enable          0x08002955   Thumb Code    18  gd32e23x_timer.o(.text.timer_auto_reload_shadow_enable)
    timer_deinit                             0x08002969   Thumb Code   200  gd32e23x_timer.o(.text.timer_deinit)
    timer_enable                             0x08002a49   Thumb Code    18  gd32e23x_timer.o(.text.timer_enable)
    timer_init                               0x08002a5d   Thumb Code   228  gd32e23x_timer.o(.text.timer_init)
    timer_interrupt_enable                   0x08002b59   Thumb Code    20  gd32e23x_timer.o(.text.timer_interrupt_enable)
    timer_interrupt_flag_clear               0x08002b6d   Thumb Code    18  gd32e23x_timer.o(.text.timer_interrupt_flag_clear)
    timer_interrupt_flag_get                 0x08002b7f   Thumb Code    58  gd32e23x_timer.o(.text.timer_interrupt_flag_get)
    usart_data_receive                       0x08002bb9   Thumb Code    16  gd32e23x_usart.o(.text.usart_data_receive)
    usart_data_transmit                      0x08002bc9   Thumb Code    20  gd32e23x_usart.o(.text.usart_data_transmit)
    usart_interrupt_disable                  0x08002be1   Thumb Code    34  gd32e23x_usart.o(.text.usart_interrupt_disable)
    usart_interrupt_flag_get                 0x08002c03   Thumb Code    98  gd32e23x_usart.o(.text.usart_interrupt_flag_get)
    __ARM_clz                                0x08002c65   Thumb Code    46  depilogue.o(i.__ARM_clz)
    __scatterload_copy                       0x08002c93   Thumb Code    14  handlers.o(i.__scatterload_copy)
    __scatterload_null                       0x08002ca1   Thumb Code     2  handlers.o(i.__scatterload_null)
    __scatterload_zeroinit                   0x08002ca3   Thumb Code    14  handlers.o(i.__scatterload_zeroinit)
    ADC_HMD                                  0x08002cb0   Data        1296  temperature.o(.rodata.ADC_HMD)
    ADC_NTC                                  0x080031c0   Data         224  temperature.o(.rodata.ADC_NTC)
    Region$$Table$$Base                      0x080032b0   Number         0  anon$$obj.o(Region$$Table)
    Region$$Table$$Limit                     0x080032d0   Number         0  anon$$obj.o(Region$$Table)
    ENCODE_t                                 0x20000000   Data           4  encode.o(.data.ENCODE_t)
    Shumi                                    0x20000004   Data           2  count_down.o(.data.Shumi)
    Smg                                      0x20000006   Data          10  show_lcd.o(.data.Smg)
    Stemp                                    0x20000010   Data           2  count_down.o(.data.Stemp)
    Stime                                    0x20000012   Data           6  count_down.o(.data.Stime)
    SystemCoreClock                          0x20000018   Data           4  system_gd32e23x.o(.data.SystemCoreClock)
    transfersize                             0x2000001e   Data           1  uart_debug.o(.data.transfersize)
    ADC_Value_Inject                         0x20000020   Data           4  temperature.o(.bss.ADC_Value_Inject)
    CD                                       0x20000024   Data           5  count_down.o(.bss.CD)
    Rx_flag                                  0x2000002a   Data           1  uart_debug.o(.bss.Rx_flag)
    Tab0                                     0x20000030   Data          10  show_lcd.o(.bss.Tab0)
    pid                                      0x20000040   Data          40  heater.o(.bss.pid)
    receiver_buffer                          0x20000068   Data         128  uart_debug.o(.bss.receiver_buffer)
    rxcount                                  0x200000e8   Data           2  uart_debug.o(.bss.rxcount)
    transmitter_buffer                       0x200000ea   Data         128  uart_debug.o(.bss.transmitter_buffer)
    txcount                                  0x2000016a   Data           1  uart_debug.o(.bss.txcount)
    __initial_sp                             0x20000570   Data           0  startup_gd32e23x.o(STACK)



==============================================================================

Memory Map of the image

  Image Entry point : 0x080000cd

  Load Region LR_IROM1 (Base: 0x08000000, Size: 0x000032f0, Max: 0x00004000, ABSOLUTE)

    Execution Region ER_IROM1 (Exec base: 0x08000000, Load base: 0x08000000, Size: 0x000032d0, Max: 0x00004000, ABSOLUTE)

    Exec Addr    Load Addr    Size         Type   Attr      Idx    E Section Name        Object

    0x08000000   0x08000000   0x000000cc   Data   RO            3    RESET               startup_gd32e23x.o
    0x080000cc   0x080000cc   0x00000000   Code   RO         1392  * .ARM.Collect$$$$00000000  mc_p.l(entry.o)
    0x080000cc   0x080000cc   0x00000004   Code   RO         1451    .ARM.Collect$$$$00000001  mc_p.l(entry2.o)
    0x080000d0   0x080000d0   0x00000004   Code   RO         1454    .ARM.Collect$$$$00000004  mc_p.l(entry5.o)
    0x080000d4   0x080000d4   0x00000000   Code   RO         1456    .ARM.Collect$$$$00000008  mc_p.l(entry7b.o)
    0x080000d4   0x080000d4   0x00000000   Code   RO         1458    .ARM.Collect$$$$0000000A  mc_p.l(entry8b.o)
    0x080000d4   0x080000d4   0x00000008   Code   RO         1459    .ARM.Collect$$$$0000000B  mc_p.l(entry9a.o)
    0x080000dc   0x080000dc   0x00000000   Code   RO         1461    .ARM.Collect$$$$0000000D  mc_p.l(entry10a.o)
    0x080000dc   0x080000dc   0x00000000   Code   RO         1463    .ARM.Collect$$$$0000000F  mc_p.l(entry11a.o)
    0x080000dc   0x080000dc   0x00000004   Code   RO         1452    .ARM.Collect$$$$00002712  mc_p.l(entry2.o)
    0x080000e0   0x080000e0   0x0000001c   Code   RO            4    .text               startup_gd32e23x.o
    0x080000fc   0x080000fc   0x000000b2   Code   RO         1431    .text               mf_p.l(fadd.o)
    0x080001ae   0x080001ae   0x0000007a   Code   RO         1433    .text               mf_p.l(fmul.o)
    0x08000228   0x08000228   0x000000d0   Code   RO         1435    .text               mf_p.l(dmul.o)
    0x080002f8   0x080002f8   0x0000001c   Code   RO         1437    .text               mf_p.l(fcmple.o)
    0x08000314   0x08000314   0x0000001c   Code   RO         1439    .text               mf_p.l(fcmplt.o)
    0x08000330   0x08000330   0x00000016   Code   RO         1441    .text               mf_p.l(fflti.o)
    0x08000346   0x08000346   0x0000000e   Code   RO         1443    .text               mf_p.l(ffltui.o)
    0x08000354   0x08000354   0x00000028   Code   RO         1445    .text               mf_p.l(dflti.o)
    0x0800037c   0x0800037c   0x00000032   Code   RO         1447    .text               mf_p.l(ffixi.o)
    0x080003ae   0x080003ae   0x00000002   PAD
    0x080003b0   0x080003b0   0x00000048   Code   RO         1449    .text               mf_p.l(dfixi.o)
    0x080003f8   0x080003f8   0x00000022   Code   RO         1472    .text               mc_p.l(llushr.o)
    0x0800041a   0x0800041a   0x00000000   Code   RO         1483    .text               mc_p.l(iusefp.o)
    0x0800041a   0x0800041a   0x00000082   Code   RO         1484    .text               mf_p.l(fepilogue.o)
    0x0800049c   0x0800049c   0x000000be   Code   RO         1486    .text               mf_p.l(depilogue.o)
    0x0800055a   0x0800055a   0x00000002   PAD
    0x0800055c   0x0800055c   0x00000024   Code   RO         1498    .text               mc_p.l(init.o)
    0x08000580   0x08000580   0x00000020   Code   RO         1508    .text               mc_p.l(llshl.o)
    0x080005a0   0x080005a0   0x0000006c   Code   RO         1317    .text.ADC_DMAConfig  temperature.o
    0x0800060c   0x0800060c   0x000000a8   Code   RO         1321    .text.ADC_TO_TEMP   temperature.o
    0x080006b4   0x080006b4   0x00000198   Code   RO         1258    .text.ENCODE_LOOP   encode.o
    0x0800084c   0x0800084c   0x0000001c   Code   RO         1200    .text.EXTI0_1_IRQHandler  gd32e23x_it.o
    0x08000868   0x08000868   0x0000001a   Code   RO         1260    .text.EXTI2_3_IRQHandler  encode.o
    0x08000882   0x08000882   0x00000004   Code   RO         1184    .text.HardFault_Handler  gd32e23x_it.o
    0x08000886   0x08000886   0x00000002   PAD
    0x08000888   0x08000888   0x000000d4   Code   RO         1325    .text.Hmd_calculate  temperature.o
    0x0800095c   0x0800095c   0x000001d4   Code   RO         1256    .text.Menu_Selection  encode.o
    0x08000b30   0x08000b30   0x00000002   Code   RO         1182    .text.NMI_Handler   gd32e23x_it.o
    0x08000b32   0x08000b32   0x00000002   Code   RO         1196    .text.PendSV_Handler  gd32e23x_it.o
    0x08000b34   0x08000b34   0x0000004c   Code   RO         1323    .text.Read_humidity  temperature.o
    0x08000b80   0x08000b80   0x00000024   Code   RO         1319    .text.Read_temperature  temperature.o
    0x08000ba4   0x08000ba4   0x00000002   Code   RO         1192    .text.SVC_Handler   gd32e23x_it.o
    0x08000ba6   0x08000ba6   0x00000002   PAD
    0x08000ba8   0x08000ba8   0x0000004c   Code   RO         1211    .text.SysTick_Config  systick.o
    0x08000bf4   0x08000bf4   0x00000008   Code   RO         1198    .text.SysTick_Handler  gd32e23x_it.o
    0x08000bfc   0x08000bfc   0x000000fc   Code   RO           40    .text.SystemInit    system_gd32e23x.o
    0x08000cf8   0x08000cf8   0x000000bc   Code   RO         1279    .text.TIMER13_IRQHandler  heater.o
    0x08000db4   0x08000db4   0x0000034c   Code   RO         1233    .text.TIMER2_IRQHandler  count_down.o
    0x08001100   0x08001100   0x000000a4   Code   RO         1302    .text.TM1621_init   show_lcd.o
    0x080011a4   0x080011a4   0x000000ac   Code   RO         1327    .text.Temp_Hum_To_LCD  temperature.o
    0x08001250   0x08001250   0x00000058   Code   RO         1229    .text.Time2_Init    count_down.o
    0x080012a8   0x080012a8   0x00000070   Code   RO         1231    .text.Time_NumShow  count_down.o
    0x08001318   0x08001318   0x00000058   Code   RO         1273    .text.Timer13_Init  heater.o
    0x08001370   0x08001370   0x000000a8   Code   RO         1357    .text.USART0_IRQHandler  uart_debug.o
    0x08001418   0x08001418   0x00000074   Code   RO         1300    .text.WriteAllData  show_lcd.o
    0x0800148c   0x0800148c   0x00000044   Code   RO         1296    .text.WriteCmd      show_lcd.o
    0x080014d0   0x080014d0   0x00000050   Code   RO         1298    .text.WriteOneData  show_lcd.o
    0x08001520   0x08001520   0x000000a0   Code   RO         1292    .text.Write_Data_H  show_lcd.o
    0x080015c0   0x080015c0   0x0000009a   Code   RO         1294    .text.Write_Data_L  show_lcd.o
    0x0800165a   0x0800165a   0x00000002   PAD
    0x0800165c   0x0800165c   0x00000034   Code   RO          511    .text.__NVIC_EnableIRQ  gd32e23x_misc.o
    0x08001690   0x08001690   0x00000080   Code   RO          509    .text.__NVIC_SetPriority  gd32e23x_misc.o
    0x08001710   0x08001710   0x00000088   Code   RO         1213    .text.__NVIC_SetPriority  systick.o
    0x08001798   0x08001798   0x00000038   Code   RO           63    .text.adc_calibration_enable  gd32e23x_adc.o
    0x080017d0   0x080017d0   0x00000068   Code   RO           79    .text.adc_channel_length_config  gd32e23x_adc.o
    0x08001838   0x08001838   0x0000006c   Code   RO         1315    .text.adc_config    temperature.o
    0x080018a4   0x080018a4   0x0000002c   Code   RO           77    .text.adc_data_alignment_config  gd32e23x_adc.o
    0x080018d0   0x080018d0   0x00000010   Code   RO           65    .text.adc_dma_mode_enable  gd32e23x_adc.o
    0x080018e0   0x080018e0   0x00000018   Code   RO           59    .text.adc_enable    gd32e23x_adc.o
    0x080018f8   0x080018f8   0x00000050   Code   RO           89    .text.adc_external_trigger_source_config  gd32e23x_adc.o
    0x08001948   0x08001948   0x0000004c   Code   RO         1313    .text.adc_pin_config  temperature.o
    0x08001994   0x08001994   0x0000015c   Code   RO           81    .text.adc_regular_channel_config  gd32e23x_adc.o
    0x08001af0   0x08001af0   0x0000001c   Code   RO          117    .text.adc_resolution_config  gd32e23x_adc.o
    0x08001b0c   0x08001b0c   0x00000040   Code   RO           91    .text.adc_software_trigger_enable  gd32e23x_adc.o
    0x08001b4c   0x08001b4c   0x000000b4   Code   RO           75    .text.adc_special_function_config  gd32e23x_adc.o
    0x08001c00   0x08001c00   0x00000068   Code   RO         1349    .text.com_gpio_init  uart_debug.o
    0x08001c68   0x08001c68   0x0000001c   Code   RO         1217    .text.delay_10us    systick.o
    0x08001c84   0x08001c84   0x0000001e   Code   RO         1215    .text.delay_1ms     systick.o
    0x08001ca2   0x08001ca2   0x00000002   PAD
    0x08001ca4   0x08001ca4   0x00000018   Code   RO         1219    .text.delay_decrement  systick.o
    0x08001cbc   0x08001cbc   0x0000001c   Code   RO          215    .text.dma_channel_disable  gd32e23x_dma.o
    0x08001cd8   0x08001cd8   0x0000001c   Code   RO          225    .text.dma_channel_enable  gd32e23x_dma.o
    0x08001cf4   0x08001cf4   0x0000001c   Code   RO          217    .text.dma_circulation_enable  gd32e23x_dma.o
    0x08001d10   0x08001d10   0x0000005c   Code   RO          209    .text.dma_deinit    gd32e23x_dma.o
    0x08001d6c   0x08001d6c   0x00000038   Code   RO          251    .text.dma_flag_get  gd32e23x_dma.o
    0x08001da4   0x08001da4   0x00000118   Code   RO          213    .text.dma_init      gd32e23x_dma.o
    0x08001ebc   0x08001ebc   0x00000024   Code   RO          223    .text.dma_memory_to_memory_disable  gd32e23x_dma.o
    0x08001ee0   0x08001ee0   0x00000054   Code   RO         1254    .text.encode_pin_config  encode.o
    0x08001f34   0x08001f34   0x000000e0   Code   RO          272    .text.exti_init     gd32e23x_exti.o
    0x08002014   0x08002014   0x00000010   Code   RO          292    .text.exti_interrupt_flag_clear  gd32e23x_exti.o
    0x08002024   0x08002024   0x0000002c   Code   RO          290    .text.exti_interrupt_flag_get  gd32e23x_exti.o
    0x08002050   0x08002050   0x00000024   Code   RO           17    .text.gd_eval_led_toggle  gd32e230f_start.o
    0x08002074   0x08002074   0x000000c0   Code   RO          415    .text.gpio_af_set   gd32e23x_gpio.o
    0x08002134   0x08002134   0x00000024   Code   RO          403    .text.gpio_bit_write  gd32e23x_gpio.o
    0x08002158   0x08002158   0x0000007c   Code   RO         1172    .text.gpio_config   main.o
    0x080021d4   0x080021d4   0x0000002a   Code   RO          407    .text.gpio_input_bit_get  gd32e23x_gpio.o
    0x080021fe   0x080021fe   0x0000008e   Code   RO          395    .text.gpio_mode_set  gd32e23x_gpio.o
    0x0800228c   0x0800228c   0x0000008a   Code   RO          397    .text.gpio_output_options_set  gd32e23x_gpio.o
    0x08002316   0x08002316   0x00000002   PAD
    0x08002318   0x08002318   0x00000060   Code   RO         1290    .text.lcd_pin_config  show_lcd.o
    0x08002378   0x08002378   0x00000048   Code   RO         1170    .text.main          main.o
    0x080023c0   0x080023c0   0x0000002a   Code   RO          507    .text.nvic_irq_enable  gd32e23x_misc.o
    0x080023ea   0x080023ea   0x00000002   PAD
    0x080023ec   0x080023ec   0x00000024   Code   RO          521    .text.nvic_vector_table_set  gd32e23x_misc.o
    0x08002410   0x08002410   0x00000034   Code   RO         1275    .text.pid_init      heater.o
    0x08002444   0x08002444   0x00000154   Code   RO         1277    .text.pid_realise   heater.o
    0x08002598   0x08002598   0x00000188   Code   RO          597    .text.rcu_adc_clock_config  gd32e23x_rcu.o
    0x08002720   0x08002720   0x00000024   Code   RO          571    .text.rcu_periph_clock_enable  gd32e23x_rcu.o
    0x08002744   0x08002744   0x00000024   Code   RO          581    .text.rcu_periph_reset_disable  gd32e23x_rcu.o
    0x08002768   0x08002768   0x00000024   Code   RO          579    .text.rcu_periph_reset_enable  gd32e23x_rcu.o
    0x0800278c   0x0800278c   0x000000b4   Code   RO          830    .text.syscfg_exti_line_config  gd32e23x_syscfg.o
    0x08002840   0x08002840   0x000000e0   Code   RO           46    .text.system_clock_72m_irc8m  system_gd32e23x.o
    0x08002920   0x08002920   0x00000008   Code   RO           42    .text.system_clock_config  system_gd32e23x.o
    0x08002928   0x08002928   0x0000002c   Code   RO         1209    .text.systick_config  systick.o
    0x08002954   0x08002954   0x00000012   Code   RO          857    .text.timer_auto_reload_shadow_enable  gd32e23x_timer.o
    0x08002966   0x08002966   0x00000002   PAD
    0x08002968   0x08002968   0x000000e0   Code   RO          847    .text.timer_deinit  gd32e23x_timer.o
    0x08002a48   0x08002a48   0x00000012   Code   RO          853    .text.timer_enable  gd32e23x_timer.o
    0x08002a5a   0x08002a5a   0x00000002   PAD
    0x08002a5c   0x08002a5c   0x000000fc   Code   RO          851    .text.timer_init    gd32e23x_timer.o
    0x08002b58   0x08002b58   0x00000014   Code   RO          889    .text.timer_interrupt_enable  gd32e23x_timer.o
    0x08002b6c   0x08002b6c   0x00000012   Code   RO          895    .text.timer_interrupt_flag_clear  gd32e23x_timer.o
    0x08002b7e   0x08002b7e   0x0000003a   Code   RO          893    .text.timer_interrupt_flag_get  gd32e23x_timer.o
    0x08002bb8   0x08002bb8   0x00000010   Code   RO         1038    .text.usart_data_receive  gd32e23x_usart.o
    0x08002bc8   0x08002bc8   0x00000018   Code   RO         1036    .text.usart_data_transmit  gd32e23x_usart.o
    0x08002be0   0x08002be0   0x00000022   Code   RO         1134    .text.usart_interrupt_disable  gd32e23x_usart.o
    0x08002c02   0x08002c02   0x00000062   Code   RO         1138    .text.usart_interrupt_flag_get  gd32e23x_usart.o
    0x08002c64   0x08002c64   0x0000002e   Code   RO         1488    i.__ARM_clz         mf_p.l(depilogue.o)
    0x08002c92   0x08002c92   0x0000000e   Code   RO         1546    i.__scatterload_copy  mc_p.l(handlers.o)
    0x08002ca0   0x08002ca0   0x00000002   Code   RO         1547    i.__scatterload_null  mc_p.l(handlers.o)
    0x08002ca2   0x08002ca2   0x0000000e   Code   RO         1548    i.__scatterload_zeroinit  mc_p.l(handlers.o)
    0x08002cb0   0x08002cb0   0x00000510   Data   RO         1330    .rodata.ADC_HMD     temperature.o
    0x080031c0   0x080031c0   0x000000e0   Data   RO         1329    .rodata.ADC_NTC     temperature.o
    0x080032a0   0x080032a0   0x00000008   Data   RO           25    .rodata.GPIO_PIN    gd32e230f_start.o
    0x080032a8   0x080032a8   0x00000008   Data   RO           24    .rodata.GPIO_PORT   gd32e230f_start.o
    0x080032b0   0x080032b0   0x00000020   Data   RO         1545    Region$$Table       anon$$obj.o


    Execution Region RW_IRAM1 (Exec base: 0x20000000, Load base: 0x080032d0, Size: 0x00000570, Max: 0x00001000, ABSOLUTE)

    Exec Addr    Load Addr    Size         Type   Attr      Idx    E Section Name        Object

    0x20000000   0x080032d0   0x00000004   Data   RW         1262    .data.ENCODE_t      encode.o
    0x20000004   0x080032d4   0x00000002   Data   RW         1238    .data.Shumi         count_down.o
    0x20000006   0x080032d6   0x0000000a   Data   RW         1304    .data.Smg           show_lcd.o
    0x20000010   0x080032e0   0x00000002   Data   RW         1237    .data.Stemp         count_down.o
    0x20000012   0x080032e2   0x00000006   Data   RW         1236    .data.Stime         count_down.o
    0x20000018   0x080032e8   0x00000004   Data   RW           48    .data.SystemCoreClock  system_gd32e23x.o
    0x2000001c   0x080032ec   0x00000001   Data   RW         1246    .data.TIMER2_IRQHandler.fan_delay  count_down.o
    0x2000001d   0x080032ed   0x00000001   Data   RW         1243    .data.TIMER2_IRQHandler.twinkle_flag  count_down.o
    0x2000001e   0x080032ee   0x00000001   Data   RW         1375    .data.transfersize  uart_debug.o
    0x2000001f   0x080032ef   0x00000001   PAD
    0x20000020        -       0x00000004   Zero   RW         1331    .bss.ADC_Value_Inject  temperature.o
    0x20000024        -       0x00000005   Zero   RW         1235    .bss.CD             count_down.o
    0x20000029        -       0x00000001   Zero   RW         1265    .bss.Menu_Selection.pressure_flag  encode.o
    0x2000002a        -       0x00000001   Zero   RW         1379    .bss.Rx_flag        uart_debug.o
    0x2000002b        -       0x00000001   Zero   RW         1242    .bss.TIMER2_IRQHandler.choose_cnt  count_down.o
    0x2000002c        -       0x00000001   Zero   RW         1241    .bss.TIMER2_IRQHandler.choose_last  count_down.o
    0x2000002d        -       0x00000001   Zero   RW         1240    .bss.TIMER2_IRQHandler.choose_now  count_down.o
    0x2000002e        -       0x00000001   Zero   RW         1245    .bss.TIMER2_IRQHandler.show_flag  count_down.o
    0x2000002f        -       0x00000001   Zero   RW         1244    .bss.TIMER2_IRQHandler.time_count  count_down.o
    0x20000030        -       0x0000000a   Zero   RW         1305    .bss.Tab0           show_lcd.o
    0x2000003a   0x080032ef   0x00000002   PAD
    0x2000003c        -       0x00000004   Zero   RW         1221    .bss.delay          systick.o
    0x20000040        -       0x00000028   Zero   RW         1281    .bss.pid            heater.o
    0x20000068        -       0x00000080   Zero   RW         1383    .bss.receiver_buffer  uart_debug.o
    0x200000e8        -       0x00000002   Zero   RW         1378    .bss.rxcount        uart_debug.o
    0x200000ea        -       0x00000080   Zero   RW         1384    .bss.transmitter_buffer  uart_debug.o
    0x2000016a        -       0x00000001   Zero   RW         1377    .bss.txcount        uart_debug.o
    0x2000016b   0x080032ef   0x00000005   PAD
    0x20000170        -       0x00000400   Zero   RW            1    STACK               startup_gd32e23x.o


==============================================================================

Image component sizes


      Code (inc. data)   RO Data    RW Data    ZI Data      Debug   Object Name

      1044         60          0         12         10       3889   count_down.o
       986         36          0          4          1       4010   encode.o
        36          8         16          0          0       3307   gd32e230f_start.o
       944         40          0          0          0       7743   gd32e23x_adc.o
       548         24          0          0          0       5612   gd32e23x_dma.o
       284         20          0          0          0       3152   gd32e23x_exti.o
       550          0          0          0          0       4278   gd32e23x_gpio.o
        46          0          0          0          0       1898   gd32e23x_it.o
       258         12          0          0          0       3890   gd32e23x_misc.o
       500          8          0          0          0      11377   gd32e23x_rcu.o
       180         16          0          0          0       2806   gd32e23x_syscfg.o
       608         48          0          0          0      16943   gd32e23x_timer.o
       172          4          0          0          0      13690   gd32e23x_usart.o
       668         40          0          0         40       3498   heater.o
       196         20          0          0          0       1258   main.o
       838         24          0         10         10       2434   show_lcd.o
        28          8        204          0       1024        716   startup_gd32e23x.o
       484         56          0          4          0       1928   system_gd32e23x.o
       338         32          0          0          4       3060   systick.o
       956         64       1520          0          4       3887   temperature.o
       272         40          0          1        260       6655   uart_debug.o

    ----------------------------------------------------------------------
      9952        560       1772         32       1360     106031   Object Totals
         0          0         32          0          0          0   (incl. Generated)
        16          0          0          1          7          0   (incl. Padding)

    ----------------------------------------------------------------------

      Code (inc. data)   RO Data    RW Data    ZI Data      Debug   Library Member Name

         0          0          0          0          0          0   entry.o
         0          0          0          0          0          0   entry10a.o
         0          0          0          0          0          0   entry11a.o
         8          4          0          0          0          0   entry2.o
         4          0          0          0          0          0   entry5.o
         0          0          0          0          0          0   entry7b.o
         0          0          0          0          0          0   entry8b.o
         8          4          0          0          0          0   entry9a.o
        30          0          0          0          0          0   handlers.o
        36          8          0          0          0         68   init.o
         0          0          0          0          0          0   iusefp.o
        32          0          0          0          0         68   llshl.o
        34          0          0          0          0         68   llushr.o
       236          0          0          0          0        216   depilogue.o
        72         10          0          0          0         72   dfixi.o
        40          6          0          0          0         68   dflti.o
       208          6          0          0          0         88   dmul.o
       178          0          0          0          0        108   fadd.o
        28          0          0          0          0         60   fcmple.o
        28          0          0          0          0         60   fcmplt.o
       130          0          0          0          0        144   fepilogue.o
        50          0          0          0          0         60   ffixi.o
        22          0          0          0          0         68   fflti.o
        14          0          0          0          0         68   ffltui.o
       122          0          0          0          0         72   fmul.o

    ----------------------------------------------------------------------
      1284         38          0          0          0       1288   Library Totals
         4          0          0          0          0          0   (incl. Padding)

    ----------------------------------------------------------------------

      Code (inc. data)   RO Data    RW Data    ZI Data      Debug   Library Name

       152         16          0          0          0        204   mc_p.l
      1128         22          0          0          0       1084   mf_p.l

    ----------------------------------------------------------------------
      1284         38          0          0          0       1288   Library Totals

    ----------------------------------------------------------------------

==============================================================================


      Code (inc. data)   RO Data    RW Data    ZI Data      Debug   

     11236        598       1772         32       1360     106519   Grand Totals
     11236        598       1772         32       1360     106519   ELF Image Totals
     11236        598       1772         32          0          0   ROM Totals

==============================================================================

    Total RO  Size (Code + RO Data)                13008 (  12.70kB)
    Total RW  Size (RW Data + ZI Data)              1392 (   1.36kB)
    Total ROM Size (Code + RO Data + RW Data)      13040 (  12.73kB)

==============================================================================

